[2026-05-09T14:02:25.915+0000] {local_task_job_runner.py:123} INFO - ::group::Pre task execution logs
[2026-05-09T14:02:25.947+0000] {taskinstance.py:2613} INFO - Dependencies all met for dep_context=non-requeueable deps ti=<TaskInstance: ecommerce_etl_pipeline.load manual__2026-05-09T13:49:11.303018+00:00 [queued]>
[2026-05-09T14:02:25.960+0000] {taskinstance.py:2613} INFO - Dependencies all met for dep_context=requeueable deps ti=<TaskInstance: ecommerce_etl_pipeline.load manual__2026-05-09T13:49:11.303018+00:00 [queued]>
[2026-05-09T14:02:25.961+0000] {taskinstance.py:2866} INFO - Starting attempt 2 of 2
[2026-05-09T14:02:25.982+0000] {taskinstance.py:2889} INFO - Executing <Task(BashOperator): load> on 2026-05-09 13:49:11.303018+00:00
[2026-05-09T14:02:26.000+0000] {standard_task_runner.py:72} INFO - Started process 975 to run task
[2026-05-09T14:02:26.009+0000] {standard_task_runner.py:104} INFO - Running: ['***', 'tasks', 'run', 'ecommerce_etl_pipeline', 'load', 'manual__2026-05-09T13:49:11.303018+00:00', '--job-id', '24', '--raw', '--subdir', 'DAGS_FOLDER/ecommerce_etl_dag.py', '--cfg-path', '/tmp/tmpgawmtr8o']
[2026-05-09T14:02:26.017+0000] {standard_task_runner.py:105} INFO - Job 24: Subtask load
[2026-05-09T14:02:26.131+0000] {task_command.py:467} INFO - Running <TaskInstance: ecommerce_etl_pipeline.load manual__2026-05-09T13:49:11.303018+00:00 [running]> on host 6de7479667a2
[2026-05-09T14:02:26.292+0000] {taskinstance.py:3132} INFO - Exporting env vars: AIRFLOW_CTX_DAG_OWNER='***' AIRFLOW_CTX_DAG_ID='ecommerce_etl_pipeline' AIRFLOW_CTX_TASK_ID='load' AIRFLOW_CTX_EXECUTION_DATE='2026-05-09T13:49:11.303018+00:00' AIRFLOW_CTX_TRY_NUMBER='2' AIRFLOW_CTX_DAG_RUN_ID='manual__2026-05-09T13:49:11.303018+00:00'
[2026-05-09T14:02:26.294+0000] {taskinstance.py:731} INFO - ::endgroup::
[2026-05-09T14:02:26.328+0000] {subprocess.py:78} INFO - Tmp dir root location: /tmp
[2026-05-09T14:02:26.332+0000] {subprocess.py:88} INFO - Running command: ['/usr/bin/bash', '-c', 'docker exec spark-jupyter spark-submit --master yarn --conf spark.driver.host=172.30.1.13 --jars /opt/spark/jars/spark-snowflake_2.12-2.12.0-spark_3.3.jar,/opt/spark/jars/snowflake-jdbc-3.13.30.jar /tmp/l.py']
[2026-05-09T14:02:26.355+0000] {subprocess.py:99} INFO - Output:
[2026-05-09T14:02:30.051+0000] {subprocess.py:106} INFO - 26/05/09 14:02:30 WARN NativeCodeLoader: Unable to load native-hadoop library for your platform... using builtin-java classes where applicable
[2026-05-09T14:02:32.127+0000] {subprocess.py:106} INFO - 26/05/09 14:02:32 INFO SparkContext: Running Spark version 3.5.0
[2026-05-09T14:02:32.129+0000] {subprocess.py:106} INFO - 26/05/09 14:02:32 INFO SparkContext: OS info Linux, 6.6.87.2-microsoft-standard-WSL2, amd64
[2026-05-09T14:02:32.130+0000] {subprocess.py:106} INFO - 26/05/09 14:02:32 INFO SparkContext: Java version 17.0.8.1
[2026-05-09T14:02:32.184+0000] {subprocess.py:106} INFO - 26/05/09 14:02:32 INFO ResourceUtils: ==============================================================
[2026-05-09T14:02:32.185+0000] {subprocess.py:106} INFO - 26/05/09 14:02:32 INFO ResourceUtils: No custom resources configured for spark.driver.
[2026-05-09T14:02:32.186+0000] {subprocess.py:106} INFO - 26/05/09 14:02:32 INFO ResourceUtils: ==============================================================
[2026-05-09T14:02:32.187+0000] {subprocess.py:106} INFO - 26/05/09 14:02:32 INFO SparkContext: Submitted application: EcommerceETL_Load
[2026-05-09T14:02:32.228+0000] {subprocess.py:106} INFO - 26/05/09 14:02:32 INFO ResourceProfile: Default ResourceProfile created, executor resources: Map(cores -> name: cores, amount: 1, script: , vendor: , memory -> name: memory, amount: 512, script: , vendor: , offHeap -> name: offHeap, amount: 0, script: , vendor: ), task resources: Map(cpus -> name: cpus, amount: 1.0)
[2026-05-09T14:02:32.248+0000] {subprocess.py:106} INFO - 26/05/09 14:02:32 INFO ResourceProfile: Limiting resource is cpus at 1 tasks per executor
[2026-05-09T14:02:32.252+0000] {subprocess.py:106} INFO - 26/05/09 14:02:32 INFO ResourceProfileManager: Added ResourceProfile id: 0
[2026-05-09T14:02:32.357+0000] {subprocess.py:106} INFO - 26/05/09 14:02:32 INFO SecurityManager: Changing view acls to: root
[2026-05-09T14:02:32.359+0000] {subprocess.py:106} INFO - 26/05/09 14:02:32 INFO SecurityManager: Changing modify acls to: root
[2026-05-09T14:02:32.364+0000] {subprocess.py:106} INFO - 26/05/09 14:02:32 INFO SecurityManager: Changing view acls groups to:
[2026-05-09T14:02:32.365+0000] {subprocess.py:106} INFO - 26/05/09 14:02:32 INFO SecurityManager: Changing modify acls groups to:
[2026-05-09T14:02:32.367+0000] {subprocess.py:106} INFO - 26/05/09 14:02:32 INFO SecurityManager: SecurityManager: authentication disabled; ui acls disabled; users with view permissions: root; groups with view permissions: EMPTY; users with modify permissions: root; groups with modify permissions: EMPTY
[2026-05-09T14:02:32.765+0000] {subprocess.py:106} INFO - 26/05/09 14:02:32 INFO Utils: Successfully started service 'sparkDriver' on port 34107.
[2026-05-09T14:02:32.810+0000] {subprocess.py:106} INFO - 26/05/09 14:02:32 INFO SparkEnv: Registering MapOutputTracker
[2026-05-09T14:02:32.878+0000] {subprocess.py:106} INFO - 26/05/09 14:02:32 INFO SparkEnv: Registering BlockManagerMaster
[2026-05-09T14:02:32.916+0000] {subprocess.py:106} INFO - 26/05/09 14:02:32 INFO BlockManagerMasterEndpoint: Using org.apache.spark.storage.DefaultTopologyMapper for getting topology information
[2026-05-09T14:02:32.917+0000] {subprocess.py:106} INFO - 26/05/09 14:02:32 INFO BlockManagerMasterEndpoint: BlockManagerMasterEndpoint up
[2026-05-09T14:02:32.967+0000] {subprocess.py:106} INFO - 26/05/09 14:02:32 INFO SparkEnv: Registering BlockManagerMasterHeartbeat
[2026-05-09T14:02:33.011+0000] {subprocess.py:106} INFO - 26/05/09 14:02:33 INFO DiskBlockManager: Created local directory at /tmp/blockmgr-bb055ee8-885a-4999-8277-7e2a96402bf1
[2026-05-09T14:02:33.046+0000] {subprocess.py:106} INFO - 26/05/09 14:02:33 INFO MemoryStore: MemoryStore started with capacity 434.4 MiB
[2026-05-09T14:02:33.105+0000] {subprocess.py:106} INFO - 26/05/09 14:02:33 INFO SparkEnv: Registering OutputCommitCoordinator
[2026-05-09T14:02:33.459+0000] {subprocess.py:106} INFO - 26/05/09 14:02:33 INFO JettyUtils: Start Jetty 0.0.0.0:4040 for SparkUI
[2026-05-09T14:02:33.577+0000] {subprocess.py:106} INFO - 26/05/09 14:02:33 WARN Utils: Service 'SparkUI' could not bind on port 4040. Attempting port 4041.
[2026-05-09T14:02:33.597+0000] {subprocess.py:106} INFO - 26/05/09 14:02:33 INFO Utils: Successfully started service 'SparkUI' on port 4041.
[2026-05-09T14:02:33.918+0000] {subprocess.py:106} INFO - 26/05/09 14:02:33 INFO DefaultNoHARMFailoverProxyProvider: Connecting to ResourceManager at resourcemanager/172.30.1.24:8032
[2026-05-09T14:02:34.519+0000] {subprocess.py:106} INFO - 26/05/09 14:02:34 INFO Configuration: resource-types.xml not found
[2026-05-09T14:02:34.520+0000] {subprocess.py:106} INFO - 26/05/09 14:02:34 INFO ResourceUtils: Unable to find 'resource-types.xml'.
[2026-05-09T14:02:34.542+0000] {subprocess.py:106} INFO - 26/05/09 14:02:34 INFO Client: Verifying our application has not requested more than the maximum memory capability of the cluster (8192 MB per container)
[2026-05-09T14:02:34.548+0000] {subprocess.py:106} INFO - 26/05/09 14:02:34 INFO Client: Will allocate AM container, with 896 MB memory including 384 MB overhead
[2026-05-09T14:02:34.549+0000] {subprocess.py:106} INFO - 26/05/09 14:02:34 INFO Client: Setting up container launch context for our AM
[2026-05-09T14:02:34.550+0000] {subprocess.py:106} INFO - 26/05/09 14:02:34 INFO Client: Setting up the launch environment for our AM container
[2026-05-09T14:02:34.561+0000] {subprocess.py:106} INFO - 26/05/09 14:02:34 INFO Client: Preparing resources for our AM container
[2026-05-09T14:02:34.607+0000] {subprocess.py:106} INFO - 26/05/09 14:02:34 WARN Client: Neither spark.yarn.jars nor spark.yarn.archive is set, falling back to uploading libraries under SPARK_HOME.
[2026-05-09T14:02:40.139+0000] {subprocess.py:106} INFO - 26/05/09 14:02:40 INFO Client: Uploading resource file:/tmp/spark-a9cd031d-6189-4772-a167-7921c42f73db/__spark_libs__16991608953457183173.zip -> hdfs://hadoop-namenode:9000/user/root/.sparkStaging/application_1778334521111_0009/__spark_libs__16991608953457183173.zip
[2026-05-09T14:02:46.035+0000] {subprocess.py:106} INFO - 26/05/09 14:02:46 INFO Client: Uploading resource file:/opt/spark/jars/spark-snowflake_2.12-2.12.0-spark_3.3.jar -> hdfs://hadoop-namenode:9000/user/root/.sparkStaging/application_1778334521111_0009/spark-snowflake_2.12-2.12.0-spark_3.3.jar
[2026-05-09T14:02:46.405+0000] {subprocess.py:106} INFO - 26/05/09 14:02:46 INFO Client: Uploading resource file:/opt/spark/jars/snowflake-jdbc-3.13.30.jar -> hdfs://hadoop-namenode:9000/user/root/.sparkStaging/application_1778334521111_0009/snowflake-jdbc-3.13.30.jar
[2026-05-09T14:02:47.267+0000] {subprocess.py:106} INFO - 26/05/09 14:02:47 INFO Client: Uploading resource file:/usr/local/spark-3.5.0-bin-hadoop3/python/lib/pyspark.zip -> hdfs://hadoop-namenode:9000/user/root/.sparkStaging/application_1778334521111_0009/pyspark.zip
[2026-05-09T14:02:47.327+0000] {subprocess.py:106} INFO - 26/05/09 14:02:47 INFO Client: Uploading resource file:/usr/local/spark-3.5.0-bin-hadoop3/python/lib/py4j-0.10.9.7-src.zip -> hdfs://hadoop-namenode:9000/user/root/.sparkStaging/application_1778334521111_0009/py4j-0.10.9.7-src.zip
[2026-05-09T14:02:47.586+0000] {subprocess.py:106} INFO - 26/05/09 14:02:47 INFO Client: Uploading resource file:/tmp/spark-a9cd031d-6189-4772-a167-7921c42f73db/__spark_conf__5018508785866853210.zip -> hdfs://hadoop-namenode:9000/user/root/.sparkStaging/application_1778334521111_0009/__spark_conf__.zip
[2026-05-09T14:02:47.693+0000] {subprocess.py:106} INFO - 26/05/09 14:02:47 INFO SecurityManager: Changing view acls to: root
[2026-05-09T14:02:47.696+0000] {subprocess.py:106} INFO - 26/05/09 14:02:47 INFO SecurityManager: Changing modify acls to: root
[2026-05-09T14:02:47.696+0000] {subprocess.py:106} INFO - 26/05/09 14:02:47 INFO SecurityManager: Changing view acls groups to:
[2026-05-09T14:02:47.699+0000] {subprocess.py:106} INFO - 26/05/09 14:02:47 INFO SecurityManager: Changing modify acls groups to:
[2026-05-09T14:02:47.702+0000] {subprocess.py:106} INFO - 26/05/09 14:02:47 INFO SecurityManager: SecurityManager: authentication disabled; ui acls disabled; users with view permissions: root; groups with view permissions: EMPTY; users with modify permissions: root; groups with modify permissions: EMPTY
[2026-05-09T14:02:47.717+0000] {subprocess.py:106} INFO - 26/05/09 14:02:47 INFO Client: Submitting application application_1778334521111_0009 to ResourceManager
[2026-05-09T14:02:47.780+0000] {subprocess.py:106} INFO - 26/05/09 14:02:47 INFO YarnClientImpl: Submitted application application_1778334521111_0009
[2026-05-09T14:02:48.787+0000] {subprocess.py:106} INFO - 26/05/09 14:02:48 INFO Client: Application report for application_1778334521111_0009 (state: ACCEPTED)
[2026-05-09T14:02:48.790+0000] {subprocess.py:106} INFO - 26/05/09 14:02:48 INFO Client:
[2026-05-09T14:02:48.791+0000] {subprocess.py:106} INFO - 	 client token: N/A
[2026-05-09T14:02:48.792+0000] {subprocess.py:106} INFO - 	 diagnostics: AM container is launched, waiting for AM container to Register with RM
[2026-05-09T14:02:48.793+0000] {subprocess.py:106} INFO - 	 ApplicationMaster host: N/A
[2026-05-09T14:02:48.794+0000] {subprocess.py:106} INFO - 	 ApplicationMaster RPC port: -1
[2026-05-09T14:02:48.794+0000] {subprocess.py:106} INFO - 	 queue: default
[2026-05-09T14:02:48.795+0000] {subprocess.py:106} INFO - 	 start time: 1778335367736
[2026-05-09T14:02:48.795+0000] {subprocess.py:106} INFO - 	 final status: UNDEFINED
[2026-05-09T14:02:48.796+0000] {subprocess.py:106} INFO - 	 tracking URL: http://resourcemanager:8088/proxy/application_1778334521111_0009/
[2026-05-09T14:02:48.797+0000] {subprocess.py:106} INFO - 	 user: root
[2026-05-09T14:03:01.905+0000] {subprocess.py:106} INFO - 26/05/09 14:03:01 INFO Client: Application report for application_1778334521111_0009 (state: RUNNING)
[2026-05-09T14:03:01.906+0000] {subprocess.py:106} INFO - 26/05/09 14:03:01 INFO Client:
[2026-05-09T14:03:01.907+0000] {subprocess.py:106} INFO - 	 client token: N/A
[2026-05-09T14:03:01.907+0000] {subprocess.py:106} INFO - 	 diagnostics: N/A
[2026-05-09T14:03:01.908+0000] {subprocess.py:106} INFO - 	 ApplicationMaster host: 172.30.1.26
[2026-05-09T14:03:01.908+0000] {subprocess.py:106} INFO - 	 ApplicationMaster RPC port: -1
[2026-05-09T14:03:01.909+0000] {subprocess.py:106} INFO - 	 queue: default
[2026-05-09T14:03:01.909+0000] {subprocess.py:106} INFO - 	 start time: 1778335367736
[2026-05-09T14:03:01.910+0000] {subprocess.py:106} INFO - 	 final status: UNDEFINED
[2026-05-09T14:03:01.911+0000] {subprocess.py:106} INFO - 	 tracking URL: http://resourcemanager:8088/proxy/application_1778334521111_0009/
[2026-05-09T14:03:01.911+0000] {subprocess.py:106} INFO - 	 user: root
[2026-05-09T14:03:01.912+0000] {subprocess.py:106} INFO - 26/05/09 14:03:01 INFO YarnClientSchedulerBackend: Application application_1778334521111_0009 has started running.
[2026-05-09T14:03:01.926+0000] {subprocess.py:106} INFO - 26/05/09 14:03:01 INFO Utils: Successfully started service 'org.apache.spark.network.netty.NettyBlockTransferService' on port 42321.
[2026-05-09T14:03:01.927+0000] {subprocess.py:106} INFO - 26/05/09 14:03:01 INFO NettyBlockTransferService: Server created on 172.30.1.13 0.0.0.0:42321
[2026-05-09T14:03:01.931+0000] {subprocess.py:106} INFO - 26/05/09 14:03:01 INFO BlockManager: Using org.apache.spark.storage.RandomBlockReplicationPolicy for block replication policy
[2026-05-09T14:03:01.952+0000] {subprocess.py:106} INFO - 26/05/09 14:03:01 INFO BlockManagerMaster: Registering BlockManager BlockManagerId(driver, 172.30.1.13, 42321, None)
[2026-05-09T14:03:01.962+0000] {subprocess.py:106} INFO - 26/05/09 14:03:01 INFO BlockManagerMasterEndpoint: Registering block manager 172.30.1.13:42321 with 434.4 MiB RAM, BlockManagerId(driver, 172.30.1.13, 42321, None)
[2026-05-09T14:03:01.985+0000] {subprocess.py:106} INFO - 26/05/09 14:03:01 INFO BlockManagerMaster: Registered BlockManager BlockManagerId(driver, 172.30.1.13, 42321, None)
[2026-05-09T14:03:01.988+0000] {subprocess.py:106} INFO - 26/05/09 14:03:01 INFO BlockManager: Initialized BlockManager: BlockManagerId(driver, 172.30.1.13, 42321, None)
[2026-05-09T14:03:02.244+0000] {subprocess.py:106} INFO - 26/05/09 14:03:02 INFO YarnClientSchedulerBackend: Add WebUI Filter. org.apache.hadoop.yarn.server.webproxy.amfilter.AmIpFilter, Map(PROXY_HOSTS -> resourcemanager, PROXY_URI_BASES -> http://resourcemanager:8088/proxy/application_1778334521111_0009), /proxy/application_1778334521111_0009
[2026-05-09T14:03:02.245+0000] {subprocess.py:106} INFO - 26/05/09 14:03:02 INFO ServerInfo: Adding filter to /executors: org.apache.hadoop.yarn.server.webproxy.amfilter.AmIpFilter
[2026-05-09T14:03:02.255+0000] {subprocess.py:106} INFO - 26/05/09 14:03:02 INFO ServerInfo: Adding filter to /executors/json: org.apache.hadoop.yarn.server.webproxy.amfilter.AmIpFilter
[2026-05-09T14:03:02.257+0000] {subprocess.py:106} INFO - 26/05/09 14:03:02 INFO ServerInfo: Adding filter to /executors/threadDump: org.apache.hadoop.yarn.server.webproxy.amfilter.AmIpFilter
[2026-05-09T14:03:02.259+0000] {subprocess.py:106} INFO - 26/05/09 14:03:02 INFO ServerInfo: Adding filter to /executors/threadDump/json: org.apache.hadoop.yarn.server.webproxy.amfilter.AmIpFilter
[2026-05-09T14:03:02.262+0000] {subprocess.py:106} INFO - 26/05/09 14:03:02 INFO ServerInfo: Adding filter to /executors/heapHistogram: org.apache.hadoop.yarn.server.webproxy.amfilter.AmIpFilter
[2026-05-09T14:03:02.264+0000] {subprocess.py:106} INFO - 26/05/09 14:03:02 INFO ServerInfo: Adding filter to /executors/heapHistogram/json: org.apache.hadoop.yarn.server.webproxy.amfilter.AmIpFilter
[2026-05-09T14:03:02.266+0000] {subprocess.py:106} INFO - 26/05/09 14:03:02 INFO ServerInfo: Adding filter to /static: org.apache.hadoop.yarn.server.webproxy.amfilter.AmIpFilter
[2026-05-09T14:03:02.286+0000] {subprocess.py:106} INFO - 26/05/09 14:03:02 INFO ServerInfo: Adding filter to /: org.apache.hadoop.yarn.server.webproxy.amfilter.AmIpFilter
[2026-05-09T14:03:02.288+0000] {subprocess.py:106} INFO - 26/05/09 14:03:02 INFO ServerInfo: Adding filter to /api: org.apache.hadoop.yarn.server.webproxy.amfilter.AmIpFilter
[2026-05-09T14:03:02.294+0000] {subprocess.py:106} INFO - 26/05/09 14:03:02 INFO ServerInfo: Adding filter to /jobs/job/kill: org.apache.hadoop.yarn.server.webproxy.amfilter.AmIpFilter
[2026-05-09T14:03:02.297+0000] {subprocess.py:106} INFO - 26/05/09 14:03:02 INFO ServerInfo: Adding filter to /stages/stage/kill: org.apache.hadoop.yarn.server.webproxy.amfilter.AmIpFilter
[2026-05-09T14:03:02.306+0000] {subprocess.py:106} INFO - 26/05/09 14:03:02 INFO ServerInfo: Adding filter to /metrics/json: org.apache.hadoop.yarn.server.webproxy.amfilter.AmIpFilter
[2026-05-09T14:03:02.637+0000] {subprocess.py:106} INFO - 26/05/09 14:03:02 INFO YarnSchedulerBackend$YarnSchedulerEndpoint: ApplicationMaster registered as NettyRpcEndpointRef(spark-client://YarnAM)
[2026-05-09T14:03:03.813+0000] {subprocess.py:106} INFO - 26/05/09 14:03:03 INFO YarnClientSchedulerBackend: SchedulerBackend is ready for scheduling beginning after waiting maxRegisteredResourcesWaitingTime: 30000000000(ns)
[2026-05-09T14:03:04.099+0000] {subprocess.py:106} INFO - ✅ Spark Connected!
[2026-05-09T14:03:04.102+0000] {subprocess.py:106} INFO - 📤 Loading dim_date to Snowflake...
[2026-05-09T14:03:04.110+0000] {subprocess.py:106} INFO - 26/05/09 14:03:04 INFO SharedState: Setting hive.metastore.warehouse.dir ('null') to the value of spark.sql.warehouse.dir.
[2026-05-09T14:03:04.114+0000] {subprocess.py:106} INFO - 26/05/09 14:03:04 INFO SharedState: Warehouse path is 'file:/home/jovyan/spark-warehouse'.
[2026-05-09T14:03:04.132+0000] {subprocess.py:106} INFO - 26/05/09 14:03:04 INFO ServerInfo: Adding filter to /SQL: org.apache.hadoop.yarn.server.webproxy.amfilter.AmIpFilter
[2026-05-09T14:03:04.135+0000] {subprocess.py:106} INFO - 26/05/09 14:03:04 INFO ServerInfo: Adding filter to /SQL/json: org.apache.hadoop.yarn.server.webproxy.amfilter.AmIpFilter
[2026-05-09T14:03:04.137+0000] {subprocess.py:106} INFO - 26/05/09 14:03:04 INFO ServerInfo: Adding filter to /SQL/execution: org.apache.hadoop.yarn.server.webproxy.amfilter.AmIpFilter
[2026-05-09T14:03:04.140+0000] {subprocess.py:106} INFO - 26/05/09 14:03:04 INFO ServerInfo: Adding filter to /SQL/execution/json: org.apache.hadoop.yarn.server.webproxy.amfilter.AmIpFilter
[2026-05-09T14:03:04.144+0000] {subprocess.py:106} INFO - 26/05/09 14:03:04 INFO ServerInfo: Adding filter to /static/sql: org.apache.hadoop.yarn.server.webproxy.amfilter.AmIpFilter
[2026-05-09T14:03:06.453+0000] {subprocess.py:106} INFO - 26/05/09 14:03:06 INFO InMemoryFileIndex: It took 135 ms to list leaf files for 1 paths.
[2026-05-09T14:03:07.292+0000] {subprocess.py:106} INFO - 26/05/09 14:03:07 INFO SparkContext: Starting job: parquet at NativeMethodAccessorImpl.java:0
[2026-05-09T14:03:07.318+0000] {subprocess.py:106} INFO - 26/05/09 14:03:07 INFO DAGScheduler: Got job 0 (parquet at NativeMethodAccessorImpl.java:0) with 1 output partitions
[2026-05-09T14:03:07.319+0000] {subprocess.py:106} INFO - 26/05/09 14:03:07 INFO DAGScheduler: Final stage: ResultStage 0 (parquet at NativeMethodAccessorImpl.java:0)
[2026-05-09T14:03:07.319+0000] {subprocess.py:106} INFO - 26/05/09 14:03:07 INFO DAGScheduler: Parents of final stage: List()
[2026-05-09T14:03:07.320+0000] {subprocess.py:106} INFO - 26/05/09 14:03:07 INFO DAGScheduler: Missing parents: List()
[2026-05-09T14:03:07.328+0000] {subprocess.py:106} INFO - 26/05/09 14:03:07 INFO DAGScheduler: Submitting ResultStage 0 (MapPartitionsRDD[1] at parquet at NativeMethodAccessorImpl.java:0), which has no missing parents
[2026-05-09T14:03:07.425+0000] {subprocess.py:106} INFO - 26/05/09 14:03:07 INFO MemoryStore: Block broadcast_0 stored as values in memory (estimated size 105.0 KiB, free 434.3 MiB)
[2026-05-09T14:03:07.487+0000] {subprocess.py:106} INFO - 26/05/09 14:03:07 INFO MemoryStore: Block broadcast_0_piece0 stored as bytes in memory (estimated size 38.2 KiB, free 434.3 MiB)
[2026-05-09T14:03:07.492+0000] {subprocess.py:106} INFO - 26/05/09 14:03:07 INFO BlockManagerInfo: Added broadcast_0_piece0 in memory on 172.30.1.13:42321 (size: 38.2 KiB, free: 434.4 MiB)
[2026-05-09T14:03:07.498+0000] {subprocess.py:106} INFO - 26/05/09 14:03:07 INFO SparkContext: Created broadcast 0 from broadcast at DAGScheduler.scala:1580
[2026-05-09T14:03:07.521+0000] {subprocess.py:106} INFO - 26/05/09 14:03:07 INFO DAGScheduler: Submitting 1 missing tasks from ResultStage 0 (MapPartitionsRDD[1] at parquet at NativeMethodAccessorImpl.java:0) (first 15 tasks are for partitions Vector(0))
[2026-05-09T14:03:07.522+0000] {subprocess.py:106} INFO - 26/05/09 14:03:07 INFO YarnScheduler: Adding task set 0.0 with 1 tasks resource profile 0
[2026-05-09T14:03:09.630+0000] {subprocess.py:106} INFO - 26/05/09 14:03:09 INFO YarnSchedulerBackend$YarnDriverEndpoint: Registered executor NettyRpcEndpointRef(spark-client://Executor) (172.30.1.26:34596) with ID 2,  ResourceProfileId 0
[2026-05-09T14:03:09.856+0000] {subprocess.py:106} INFO - 26/05/09 14:03:09 INFO BlockManagerMasterEndpoint: Registering block manager 00a554289257:37391 with 93.3 MiB RAM, BlockManagerId(2, 00a554289257, 37391, None)
[2026-05-09T14:03:09.979+0000] {subprocess.py:106} INFO - 26/05/09 14:03:09 INFO TaskSetManager: Starting task 0.0 in stage 0.0 (TID 0) (00a554289257, executor 2, partition 0, PROCESS_LOCAL, 7839 bytes)
[2026-05-09T14:03:10.455+0000] {subprocess.py:106} INFO - 26/05/09 14:03:10 INFO BlockManagerInfo: Added broadcast_0_piece0 in memory on 00a554289257:37391 (size: 38.2 KiB, free: 93.3 MiB)
[2026-05-09T14:03:13.310+0000] {subprocess.py:106} INFO - 26/05/09 14:03:13 INFO TaskSetManager: Finished task 0.0 in stage 0.0 (TID 0) in 3347 ms on 00a554289257 (executor 2) (1/1)
[2026-05-09T14:03:13.321+0000] {subprocess.py:106} INFO - 26/05/09 14:03:13 INFO YarnScheduler: Removed TaskSet 0.0, whose tasks have all completed, from pool
[2026-05-09T14:03:13.324+0000] {subprocess.py:106} INFO - 26/05/09 14:03:13 INFO DAGScheduler: ResultStage 0 (parquet at NativeMethodAccessorImpl.java:0) finished in 5.963 s
[2026-05-09T14:03:13.328+0000] {subprocess.py:106} INFO - 26/05/09 14:03:13 INFO DAGScheduler: Job 0 is finished. Cancelling potential speculative or zombie tasks for this job
[2026-05-09T14:03:13.329+0000] {subprocess.py:106} INFO - 26/05/09 14:03:13 INFO YarnScheduler: Killing all running tasks in stage 0: Stage finished
[2026-05-09T14:03:13.329+0000] {subprocess.py:106} INFO - 26/05/09 14:03:13 INFO DAGScheduler: Job 0 finished: parquet at NativeMethodAccessorImpl.java:0, took 6.033150 s
[2026-05-09T14:03:14.194+0000] {subprocess.py:106} INFO - 26/05/09 14:03:14 INFO BlockManagerInfo: Removed broadcast_0_piece0 on 172.30.1.13:42321 in memory (size: 38.2 KiB, free: 434.4 MiB)
[2026-05-09T14:03:14.208+0000] {subprocess.py:106} INFO - 26/05/09 14:03:14 INFO BlockManagerInfo: Removed broadcast_0_piece0 on 00a554289257:37391 in memory (size: 38.2 KiB, free: 93.3 MiB)
[2026-05-09T14:03:48.207+0000] {job.py:239} ERROR - Job heartbeat failed with error
Traceback (most recent call last):
  File "/home/airflow/.local/lib/python3.12/site-packages/sqlalchemy/engine/base.py", line 3371, in _wrap_pool_connect
    return fn()
           ^^^^
  File "/home/airflow/.local/lib/python3.12/site-packages/sqlalchemy/pool/base.py", line 327, in connect
    return _ConnectionFairy._checkout(self)
           ^^^^^^^^^^^^^^^^^^^^^^^^^^^^^^^^
  File "/home/airflow/.local/lib/python3.12/site-packages/sqlalchemy/pool/base.py", line 894, in _checkout
    fairy = _ConnectionRecord.checkout(pool)
            ^^^^^^^^^^^^^^^^^^^^^^^^^^^^^^^^
  File "/home/airflow/.local/lib/python3.12/site-packages/sqlalchemy/pool/base.py", line 493, in checkout
    rec = pool._do_get()
          ^^^^^^^^^^^^^^
  File "/home/airflow/.local/lib/python3.12/site-packages/sqlalchemy/pool/impl.py", line 256, in _do_get
    return self._create_connection()
           ^^^^^^^^^^^^^^^^^^^^^^^^^
  File "/home/airflow/.local/lib/python3.12/site-packages/sqlalchemy/pool/base.py", line 273, in _create_connection
    return _ConnectionRecord(self)
           ^^^^^^^^^^^^^^^^^^^^^^^
  File "/home/airflow/.local/lib/python3.12/site-packages/sqlalchemy/pool/base.py", line 388, in __init__
    self.__connect()
  File "/home/airflow/.local/lib/python3.12/site-packages/sqlalchemy/pool/base.py", line 690, in __connect
    with util.safe_reraise():
         ^^^^^^^^^^^^^^^^^^^
  File "/home/airflow/.local/lib/python3.12/site-packages/sqlalchemy/util/langhelpers.py", line 70, in __exit__
    compat.raise_(
  File "/home/airflow/.local/lib/python3.12/site-packages/sqlalchemy/util/compat.py", line 211, in raise_
    raise exception
  File "/home/airflow/.local/lib/python3.12/site-packages/sqlalchemy/pool/base.py", line 686, in __connect
    self.dbapi_connection = connection = pool._invoke_creator(self)
                                         ^^^^^^^^^^^^^^^^^^^^^^^^^^
  File "/home/airflow/.local/lib/python3.12/site-packages/sqlalchemy/engine/create.py", line 574, in connect
    return dialect.connect(*cargs, **cparams)
           ^^^^^^^^^^^^^^^^^^^^^^^^^^^^^^^^^^
  File "/home/airflow/.local/lib/python3.12/site-packages/sqlalchemy/engine/default.py", line 598, in connect
    return self.dbapi.connect(*cargs, **cparams)
           ^^^^^^^^^^^^^^^^^^^^^^^^^^^^^^^^^^^^^
  File "/home/airflow/.local/lib/python3.12/site-packages/psycopg2/__init__.py", line 122, in connect
    conn = _connect(dsn, connection_factory=connection_factory, **kwasync)
           ^^^^^^^^^^^^^^^^^^^^^^^^^^^^^^^^^^^^^^^^^^^^^^^^^^^^^^^^^^^^^^^
psycopg2.OperationalError: could not translate host name "postgres_***" to address: Temporary failure in name resolution


The above exception was the direct cause of the following exception:

Traceback (most recent call last):
  File "/home/airflow/.local/lib/python3.12/site-packages/airflow/jobs/job.py", line 207, in heartbeat
    self._merge_from(Job._fetch_from_db(self, session))
                     ^^^^^^^^^^^^^^^^^^^^^^^^^^^^^^^^^
  File "/home/airflow/.local/lib/python3.12/site-packages/airflow/api_internal/internal_api_call.py", line 166, in wrapper
    return func(*args, **kwargs)
           ^^^^^^^^^^^^^^^^^^^^^
  File "/home/airflow/.local/lib/python3.12/site-packages/airflow/utils/session.py", line 94, in wrapper
    return func(*args, **kwargs)
           ^^^^^^^^^^^^^^^^^^^^^
  File "/home/airflow/.local/lib/python3.12/site-packages/airflow/utils/retries.py", line 93, in wrapped_function
    for attempt in run_with_db_retries(max_retries=retries, logger=logger, **retry_kwargs):
                   ^^^^^^^^^^^^^^^^^^^^^^^^^^^^^^^^^^^^^^^^^^^^^^^^^^^^^^^^^^^^^^^^^^^^^^^
  File "/home/airflow/.local/lib/python3.12/site-packages/tenacity/__init__.py", line 443, in __iter__
    do = self.iter(retry_state=retry_state)
         ^^^^^^^^^^^^^^^^^^^^^^^^^^^^^^^^^^
  File "/home/airflow/.local/lib/python3.12/site-packages/tenacity/__init__.py", line 376, in iter
    result = action(retry_state)
             ^^^^^^^^^^^^^^^^^^^
  File "/home/airflow/.local/lib/python3.12/site-packages/tenacity/__init__.py", line 418, in exc_check
    raise retry_exc.reraise()
          ^^^^^^^^^^^^^^^^^^^
  File "/home/airflow/.local/lib/python3.12/site-packages/tenacity/__init__.py", line 185, in reraise
    raise self.last_attempt.result()
          ^^^^^^^^^^^^^^^^^^^^^^^^^^
  File "/usr/local/lib/python3.12/concurrent/futures/_base.py", line 449, in result
    return self.__get_result()
           ^^^^^^^^^^^^^^^^^^^
  File "/usr/local/lib/python3.12/concurrent/futures/_base.py", line 401, in __get_result
    raise self._exception
  File "/home/airflow/.local/lib/python3.12/site-packages/airflow/utils/retries.py", line 102, in wrapped_function
    return func(*args, **kwargs)
           ^^^^^^^^^^^^^^^^^^^^^
  File "/home/airflow/.local/lib/python3.12/site-packages/airflow/jobs/job.py", line 335, in _fetch_from_db
    session.merge(job)
  File "/home/airflow/.local/lib/python3.12/site-packages/sqlalchemy/orm/session.py", line 3056, in merge
    return self._merge(
           ^^^^^^^^^^^^
  File "/home/airflow/.local/lib/python3.12/site-packages/sqlalchemy/orm/session.py", line 3136, in _merge
    merged = self.get(
             ^^^^^^^^^
  File "/home/airflow/.local/lib/python3.12/site-packages/sqlalchemy/orm/session.py", line 2853, in get
    return self._get_impl(
           ^^^^^^^^^^^^^^^
  File "/home/airflow/.local/lib/python3.12/site-packages/sqlalchemy/orm/session.py", line 2975, in _get_impl
    return db_load_fn(
           ^^^^^^^^^^^
  File "/home/airflow/.local/lib/python3.12/site-packages/sqlalchemy/orm/loading.py", line 530, in load_on_pk_identity
    session.execute(
  File "/home/airflow/.local/lib/python3.12/site-packages/sqlalchemy/orm/session.py", line 1716, in execute
    conn = self._connection_for_bind(bind)
           ^^^^^^^^^^^^^^^^^^^^^^^^^^^^^^^
  File "/home/airflow/.local/lib/python3.12/site-packages/sqlalchemy/orm/session.py", line 1555, in _connection_for_bind
    return self._transaction._connection_for_bind(
           ^^^^^^^^^^^^^^^^^^^^^^^^^^^^^^^^^^^^^^^
  File "/home/airflow/.local/lib/python3.12/site-packages/sqlalchemy/orm/session.py", line 750, in _connection_for_bind
    conn = bind.connect()
           ^^^^^^^^^^^^^^
  File "/home/airflow/.local/lib/python3.12/site-packages/sqlalchemy/future/engine.py", line 412, in connect
    return super(Engine, self).connect()
           ^^^^^^^^^^^^^^^^^^^^^^^^^^^^^
  File "/home/airflow/.local/lib/python3.12/site-packages/sqlalchemy/engine/base.py", line 3325, in connect
    return self._connection_cls(self, close_with_result=close_with_result)
           ^^^^^^^^^^^^^^^^^^^^^^^^^^^^^^^^^^^^^^^^^^^^^^^^^^^^^^^^^^^^^^^
  File "/home/airflow/.local/lib/python3.12/site-packages/sqlalchemy/engine/base.py", line 96, in __init__
    else engine.raw_connection()
         ^^^^^^^^^^^^^^^^^^^^^^^
  File "/home/airflow/.local/lib/python3.12/site-packages/sqlalchemy/engine/base.py", line 3404, in raw_connection
    return self._wrap_pool_connect(self.pool.connect, _connection)
           ^^^^^^^^^^^^^^^^^^^^^^^^^^^^^^^^^^^^^^^^^^^^^^^^^^^^^^^
  File "/home/airflow/.local/lib/python3.12/site-packages/sqlalchemy/engine/base.py", line 3374, in _wrap_pool_connect
    Connection._handle_dbapi_exception_noconnection(
  File "/home/airflow/.local/lib/python3.12/site-packages/sqlalchemy/engine/base.py", line 2208, in _handle_dbapi_exception_noconnection
    util.raise_(
  File "/home/airflow/.local/lib/python3.12/site-packages/sqlalchemy/util/compat.py", line 211, in raise_
    raise exception
  File "/home/airflow/.local/lib/python3.12/site-packages/sqlalchemy/engine/base.py", line 3371, in _wrap_pool_connect
    return fn()
           ^^^^
  File "/home/airflow/.local/lib/python3.12/site-packages/sqlalchemy/pool/base.py", line 327, in connect
    return _ConnectionFairy._checkout(self)
           ^^^^^^^^^^^^^^^^^^^^^^^^^^^^^^^^
  File "/home/airflow/.local/lib/python3.12/site-packages/sqlalchemy/pool/base.py", line 894, in _checkout
    fairy = _ConnectionRecord.checkout(pool)
            ^^^^^^^^^^^^^^^^^^^^^^^^^^^^^^^^
  File "/home/airflow/.local/lib/python3.12/site-packages/sqlalchemy/pool/base.py", line 493, in checkout
    rec = pool._do_get()
          ^^^^^^^^^^^^^^
  File "/home/airflow/.local/lib/python3.12/site-packages/sqlalchemy/pool/impl.py", line 256, in _do_get
    return self._create_connection()
           ^^^^^^^^^^^^^^^^^^^^^^^^^
  File "/home/airflow/.local/lib/python3.12/site-packages/sqlalchemy/pool/base.py", line 273, in _create_connection
    return _ConnectionRecord(self)
           ^^^^^^^^^^^^^^^^^^^^^^^
  File "/home/airflow/.local/lib/python3.12/site-packages/sqlalchemy/pool/base.py", line 388, in __init__
    self.__connect()
  File "/home/airflow/.local/lib/python3.12/site-packages/sqlalchemy/pool/base.py", line 690, in __connect
    with util.safe_reraise():
         ^^^^^^^^^^^^^^^^^^^
  File "/home/airflow/.local/lib/python3.12/site-packages/sqlalchemy/util/langhelpers.py", line 70, in __exit__
    compat.raise_(
  File "/home/airflow/.local/lib/python3.12/site-packages/sqlalchemy/util/compat.py", line 211, in raise_
    raise exception
  File "/home/airflow/.local/lib/python3.12/site-packages/sqlalchemy/pool/base.py", line 686, in __connect
    self.dbapi_connection = connection = pool._invoke_creator(self)
                                         ^^^^^^^^^^^^^^^^^^^^^^^^^^
  File "/home/airflow/.local/lib/python3.12/site-packages/sqlalchemy/engine/create.py", line 574, in connect
    return dialect.connect(*cargs, **cparams)
           ^^^^^^^^^^^^^^^^^^^^^^^^^^^^^^^^^^
  File "/home/airflow/.local/lib/python3.12/site-packages/sqlalchemy/engine/default.py", line 598, in connect
    return self.dbapi.connect(*cargs, **cparams)
           ^^^^^^^^^^^^^^^^^^^^^^^^^^^^^^^^^^^^^
  File "/home/airflow/.local/lib/python3.12/site-packages/psycopg2/__init__.py", line 122, in connect
    conn = _connect(dsn, connection_factory=connection_factory, **kwasync)
           ^^^^^^^^^^^^^^^^^^^^^^^^^^^^^^^^^^^^^^^^^^^^^^^^^^^^^^^^^^^^^^^
sqlalchemy.exc.OperationalError: (psycopg2.OperationalError) could not translate host name "postgres_***" to address: Temporary failure in name resolution

(Background on this error at: https://sqlalche.me/e/14/e3q8)
[2026-05-09T14:03:48.439+0000] {job.py:254} ERROR - Job heartbeat failed with error. Scheduler is in unhealthy state
[2026-05-09T14:04:24.399+0000] {job.py:254} ERROR - Job heartbeat failed with error. Scheduler is in unhealthy state
[2026-05-09T14:05:23.572+0000] {job.py:254} ERROR - Job heartbeat failed with error. Scheduler is in unhealthy state
[2026-05-09T14:08:53.474+0000] {subprocess.py:106} INFO - 26/05/09 14:03:15 WARN SnowflakeConnectorUtils$: Query pushdown is not supported because you are using Spark 3.5.0 with a connector designed to support Spark 3.3. Either use the version of Spark supported by the connector or install a version of the connector that supports your version of Spark.
[2026-05-09T14:08:53.592+0000] {subprocess.py:106} INFO - 26/05/09 14:03:15 INFO FileSourceStrategy: Pushed Filters:
[2026-05-09T14:08:53.594+0000] {subprocess.py:106} INFO - 26/05/09 14:03:15 INFO FileSourceStrategy: Post-Scan Filters:
[2026-05-09T14:08:53.600+0000] {subprocess.py:106} INFO - 26/05/09 14:03:40 INFO CodeGenerator: Code generated in 23852.801833 ms
[2026-05-09T14:08:53.605+0000] {subprocess.py:106} INFO - 26/05/09 14:03:47 INFO MemoryStore: Block broadcast_1 stored as values in memory (estimated size 209.5 KiB, free 434.2 MiB)
[2026-05-09T14:08:53.629+0000] {subprocess.py:106} INFO - 26/05/09 14:03:47 INFO MemoryStore: Block broadcast_1_piece0 stored as bytes in memory (estimated size 36.3 KiB, free 434.2 MiB)
[2026-05-09T14:08:53.630+0000] {subprocess.py:106} INFO - 26/05/09 14:03:47 INFO BlockManagerInfo: Added broadcast_1_piece0 in memory on 172.30.1.13:42321 (size: 36.3 KiB, free: 434.4 MiB)
[2026-05-09T14:08:53.630+0000] {subprocess.py:106} INFO - 26/05/09 14:03:47 INFO SparkContext: Created broadcast 1 from rdd at SnowflakeWriter.scala:87
[2026-05-09T14:08:53.631+0000] {subprocess.py:106} INFO - 26/05/09 14:03:52 INFO FileSourceScanExec: Planning scan with bin packing, max size: 4194304 bytes, open cost is considered as scanning 4194304 bytes.
[2026-05-09T14:08:53.633+0000] {subprocess.py:106} INFO - 26/05/09 14:08:52 INFO AsyncEventQueue: Process of event SparkListenerExecutorMetricsUpdate(driver,WrappedArray(),Map((-1,-1) -> org.apache.spark.executor.ExecutorMetrics@538b564b)) by listener AppStatusListener took 1.595360562s.
[2026-05-09T14:08:53.633+0000] {subprocess.py:106} INFO - 26/05/09 14:08:52 WARN HeartbeatReceiver: Removing executor 2 with no recent heartbeats: 247545 ms exceeds timeout 120000 ms
[2026-05-09T14:08:53.634+0000] {subprocess.py:106} INFO - 26/05/09 14:08:53 INFO YarnClientSchedulerBackend: Requesting to kill executor(s) 2
[2026-05-09T14:08:53.635+0000] {subprocess.py:106} INFO - 26/05/09 14:08:53 ERROR TransportRequestHandler: Error sending result RpcResponse[requestId=6453452893208698611,body=NioManagedBuffer[buf=java.nio.HeapByteBuffer[pos=0 lim=81 cap=156]]] to /172.30.1.26:34596; closing connection
[2026-05-09T14:08:53.639+0000] {subprocess.py:106} INFO - io.netty.channel.StacklessClosedChannelException
[2026-05-09T14:08:53.647+0000] {subprocess.py:106} INFO - 	at io.netty.channel.AbstractChannel$AbstractUnsafe.write(Object, ChannelPromise)(Unknown Source)
[2026-05-09T14:08:53.650+0000] {subprocess.py:106} INFO - 26/05/09 14:08:53 INFO YarnClientSchedulerBackend: Actual list of executor(s) to be killed is 2
[2026-05-09T14:08:53.652+0000] {subprocess.py:106} INFO - 26/05/09 14:08:53 INFO YarnSchedulerBackend$YarnDriverEndpoint: Disabling executor 2.
[2026-05-09T14:08:53.665+0000] {subprocess.py:106} INFO - 26/05/09 14:08:53 INFO DAGScheduler: Executor lost: 2 (epoch 0)
[2026-05-09T14:08:53.679+0000] {subprocess.py:106} INFO - 26/05/09 14:08:53 INFO BlockManagerMasterEndpoint: Trying to remove executor 2 from BlockManagerMaster.
[2026-05-09T14:08:53.669+0000] {job.py:229} INFO - Heartbeat recovered after 341.87 seconds
[2026-05-09T14:08:53.686+0000] {subprocess.py:106} INFO - 26/05/09 14:08:53 INFO BlockManagerMasterEndpoint: Removing block manager BlockManagerId(2, 00a554289257, 37391, None)
[2026-05-09T14:08:53.693+0000] {subprocess.py:106} INFO - 26/05/09 14:08:53 INFO BlockManagerMaster: Removed 2 successfully in removeExecutor
[2026-05-09T14:08:53.695+0000] {subprocess.py:106} INFO - 26/05/09 14:08:53 INFO DAGScheduler: Shuffle files lost for executor: 2 (epoch 0)
[2026-05-09T14:08:53.699+0000] {subprocess.py:106} INFO - 26/05/09 14:08:53 ERROR YarnScheduler: Lost executor 2 on 00a554289257: Executor heartbeat timed out after 247545 ms
[2026-05-09T14:08:53.948+0000] {subprocess.py:106} INFO - 26/05/09 14:08:53 INFO BlockManagerMaster: Removal of executor 2 requested
[2026-05-09T14:08:53.950+0000] {subprocess.py:106} INFO - 26/05/09 14:08:53 INFO BlockManagerMasterEndpoint: Trying to remove executor 2 from BlockManagerMaster.
[2026-05-09T14:08:53.951+0000] {subprocess.py:106} INFO - 26/05/09 14:08:53 INFO YarnSchedulerBackend$YarnDriverEndpoint: Asked to remove non-existent executor 2
[2026-05-09T14:08:54.754+0000] {subprocess.py:106} INFO - 26/05/09 14:08:54 INFO YarnSchedulerBackend$YarnDriverEndpoint: Registered executor NettyRpcEndpointRef(spark-client://Executor) (172.30.1.25:49080) with ID 1,  ResourceProfileId 0
[2026-05-09T14:08:54.946+0000] {subprocess.py:106} INFO - 26/05/09 14:08:54 INFO BlockManagerMasterEndpoint: Registering block manager 6303bebb27dc:39611 with 93.3 MiB RAM, BlockManagerId(1, 6303bebb27dc, 39611, None)
[2026-05-09T14:08:56.403+0000] {subprocess.py:106} INFO - 26/05/09 14:08:56 INFO ServerConnection$: Create ServerConnection with new JDBC connection: 301291955994686
[2026-05-09T14:08:56.430+0000] {subprocess.py:106} INFO - 26/05/09 14:08:56 INFO SparkConnectorContext$: Spark Connector system config: {
[2026-05-09T14:08:56.431+0000] {subprocess.py:106} INFO -   "spark_connector_version" : "2.12.0",
[2026-05-09T14:08:56.432+0000] {subprocess.py:106} INFO -   "spark_version" : "3.5.0",
[2026-05-09T14:08:56.433+0000] {subprocess.py:106} INFO -   "application_name" : "EcommerceETL_Load",
[2026-05-09T14:08:56.434+0000] {subprocess.py:106} INFO -   "scala_version" : "2.12.18",
[2026-05-09T14:08:56.435+0000] {subprocess.py:106} INFO -   "java_version" : "17.0.8.1",
[2026-05-09T14:08:56.436+0000] {subprocess.py:106} INFO -   "jdbc_version" : "3.13.30",
[2026-05-09T14:08:56.437+0000] {subprocess.py:106} INFO -   "certified_jdbc_version" : "3.13.30",
[2026-05-09T14:08:56.438+0000] {subprocess.py:106} INFO -   "os_name" : "Linux",
[2026-05-09T14:08:56.439+0000] {subprocess.py:106} INFO -   "max_memory_in_mb" : 1024,
[2026-05-09T14:08:56.440+0000] {subprocess.py:106} INFO -   "total_memory_in_mb" : 134,
[2026-05-09T14:08:56.441+0000] {subprocess.py:106} INFO -   "free_memory_in_mb" : 58,
[2026-05-09T14:08:56.441+0000] {subprocess.py:106} INFO -   "cpu_cores" : 12,
[2026-05-09T14:08:56.442+0000] {subprocess.py:106} INFO -   "spark_application_id" : "application_1778334521111_0009",
[2026-05-09T14:08:56.443+0000] {subprocess.py:106} INFO -   "spark_language" : "Scala",
[2026-05-09T14:08:56.443+0000] {subprocess.py:106} INFO -   "is_pyspark" : false,
[2026-05-09T14:08:56.444+0000] {subprocess.py:106} INFO -   "spark_config" : {
[2026-05-09T14:08:56.444+0000] {subprocess.py:106} INFO -     "spark.hadoop.yarn.resourcemanager.hostname" : "N/A",
[2026-05-09T14:08:56.445+0000] {subprocess.py:106} INFO -     "spark.repl.local.jars" : "file:///opt/spark/jars/spark-snowflake_2.12-2.12.0-spark_3.3.jar,file:///opt/spark/jars/snowflake-jdbc-3.13.30.jar",
[2026-05-09T14:08:56.446+0000] {subprocess.py:106} INFO -     "spark.hadoop.yarn.resourcemanager.address" : "N/A",
[2026-05-09T14:08:56.446+0000] {subprocess.py:106} INFO -     "spark.yarn.am.memory" : "N/A",
[2026-05-09T14:08:56.447+0000] {subprocess.py:106} INFO -     "spark.app.name" : "EcommerceETL_Load",
[2026-05-09T14:08:56.447+0000] {subprocess.py:106} INFO -     "spark.yarn.dist.jars" : "N/A",
[2026-05-09T14:08:56.448+0000] {subprocess.py:106} INFO -     "spark.driver.extraJavaOptions" : "-Djava.net.preferIPv6Addresses=false -XX:+IgnoreUnrecognizedVMOptions --add-opens=java.base/java.lang=ALL-UNNAMED --add-opens=java.base/java.lang.invoke=ALL-UNNAMED --add-opens=java.base/java.lang.reflect=ALL-UNNAMED --add-opens=java.base/java.io=ALL-UNNAMED --add-opens=java.base/java.net=ALL-UNNAMED --add-opens=java.base/java.nio=ALL-UNNAMED --add-opens=java.base/java.util=ALL-UNNAMED --add-opens=java.base/java.util.concurrent=ALL-UNNAMED --add-opens=java.base/java.util.concurrent.atomic=ALL-UNNAMED --add-opens=java.base/sun.nio.ch=ALL-UNNAMED --add-opens=java.base/sun.nio.cs=ALL-UNNAMED --add-opens=java.base/sun.security.action=ALL-UNNAMED --add-opens=java.base/sun.util.calendar=ALL-UNNAMED --add-opens=java.security.jgss/sun.security.krb5=ALL-UNNAMED -Djdk.reflect.useDirectMethodHandle=false",
[2026-05-09T14:08:56.449+0000] {subprocess.py:106} INFO -     "spark.org.apache.hadoop.yarn.server.webproxy.amfilter.AmIpFilter.param.PROXY_HOSTS" : "N/A",
[2026-05-09T14:08:56.449+0000] {subprocess.py:106} INFO -     "spark.org.apache.hadoop.yarn.server.webproxy.amfilter.AmIpFilter.param.PROXY_URI_BASES" : "N/A",
[2026-05-09T14:08:56.450+0000] {subprocess.py:106} INFO -     "spark.sql.warehouse.dir" : "N/A",
[2026-05-09T14:08:56.451+0000] {subprocess.py:106} INFO -     "spark.driver.appUIAddress" : "N/A",
[2026-05-09T14:08:56.451+0000] {subprocess.py:106} INFO -     "spark.serializer.objectStreamReset" : "N/A",
[2026-05-09T14:08:56.452+0000] {subprocess.py:106} INFO -     "spark.submit.deployMode" : "client",
[2026-05-09T14:08:56.452+0000] {subprocess.py:106} INFO -     "spark.executorEnv.PYTHONPATH" : "N/A",
[2026-05-09T14:08:56.453+0000] {subprocess.py:106} INFO -     "spark.hadoop.fs.defaultFS" : "N/A",
[2026-05-09T14:08:56.454+0000] {subprocess.py:106} INFO -     "spark.driver.port" : "N/A",
[2026-05-09T14:08:56.454+0000] {subprocess.py:106} INFO -     "spark.ui.filters" : "N/A",
[2026-05-09T14:08:56.455+0000] {subprocess.py:106} INFO -     "spark.executor.extraJavaOptions" : "-Djava.net.preferIPv6Addresses=false -XX:+IgnoreUnrecognizedVMOptions --add-opens=java.base/java.lang=ALL-UNNAMED --add-opens=java.base/java.lang.invoke=ALL-UNNAMED --add-opens=java.base/java.lang.reflect=ALL-UNNAMED --add-opens=java.base/java.io=ALL-UNNAMED --add-opens=java.base/java.net=ALL-UNNAMED --add-opens=java.base/java.nio=ALL-UNNAMED --add-opens=java.base/java.util=ALL-UNNAMED --add-opens=java.base/java.util.concurrent=ALL-UNNAMED --add-opens=java.base/java.util.concurrent.atomic=ALL-UNNAMED --add-opens=java.base/sun.nio.ch=ALL-UNNAMED --add-opens=java.base/sun.nio.cs=ALL-UNNAMED --add-opens=java.base/sun.security.action=ALL-UNNAMED --add-opens=java.base/sun.util.calendar=ALL-UNNAMED --add-opens=java.security.jgss/sun.security.krb5=ALL-UNNAMED -Djdk.reflect.useDirectMethodHandle=false",
[2026-05-09T14:08:56.455+0000] {subprocess.py:106} INFO -     "spark.app.submitTime" : "N/A",
[2026-05-09T14:08:56.456+0000] {subprocess.py:106} INFO -     "spark.executor.memory" : "512m",
[2026-05-09T14:08:56.456+0000] {subprocess.py:106} INFO -     "spark.executor.id" : "driver",
[2026-05-09T14:08:56.457+0000] {subprocess.py:106} INFO -     "spark.app.id" : "application_1778334521111_0009",
[2026-05-09T14:08:56.458+0000] {subprocess.py:106} INFO -     "spark.hadoop.yarn.resourcemanager.scheduler.address" : "N/A",
[2026-05-09T14:08:56.458+0000] {subprocess.py:106} INFO -     "spark.yarn.secondary.jars" : "N/A",
[2026-05-09T14:08:56.459+0000] {subprocess.py:106} INFO -     "spark.master" : "yarn",
[2026-05-09T14:08:56.459+0000] {subprocess.py:106} INFO -     "spark.driver.bindAddress" : "N/A",
[2026-05-09T14:08:56.460+0000] {subprocess.py:106} INFO -     "spark.rdd.compress" : "N/A",
[2026-05-09T14:08:56.461+0000] {subprocess.py:106} INFO -     "spark.submit.pyFiles" : "N/A",
[2026-05-09T14:08:56.461+0000] {subprocess.py:106} INFO -     "spark.yarn.isPython" : "N/A",
[2026-05-09T14:08:56.462+0000] {subprocess.py:106} INFO -     "spark.app.startTime" : "N/A",
[2026-05-09T14:08:56.462+0000] {subprocess.py:106} INFO -     "spark.driver.host" : "172.30.1.13"
[2026-05-09T14:08:56.463+0000] {subprocess.py:106} INFO -   },
[2026-05-09T14:08:56.463+0000] {subprocess.py:106} INFO -   "libraries" : [ "py4j", "py4j.commands", "py4j.reflection" ],
[2026-05-09T14:08:56.464+0000] {subprocess.py:106} INFO -   "dependencies" : [ ],
[2026-05-09T14:08:56.464+0000] {subprocess.py:106} INFO -   "cluster_node_count" : 2,
[2026-05-09T14:08:56.465+0000] {subprocess.py:106} INFO -   "spark_default_parallelism" : 2,
[2026-05-09T14:08:56.466+0000] {subprocess.py:106} INFO -   "deploy_mode" : "client"
[2026-05-09T14:08:56.466+0000] {subprocess.py:106} INFO - }
[2026-05-09T14:08:56.467+0000] {subprocess.py:106} INFO - 26/05/09 14:08:56 INFO SnowflakeSQLStatement: Spark Connector Master: execute query with bind variable: alter session set timezone = 'Etc/UTC' , timestamp_ntz_output_format = 'YYYY-MM-DD HH24:MI:SS.FF3', timestamp_ltz_output_format = 'TZHTZM YYYY-MM-DD HH24:MI:SS.FF3', timestamp_tz_output_format = 'TZHTZM YYYY-MM-DD HH24:MI:SS.FF3' ;
[2026-05-09T14:08:56.759+0000] {subprocess.py:106} INFO - 26/05/09 14:08:56 INFO SnowflakeSQLStatement: Spark Connector Master: execute query with bind variable: create  temporary stage if not exists identifier(?)
[2026-05-09T14:08:57.408+0000] {subprocess.py:106} INFO - 26/05/09 14:08:57 INFO CloudStorageOperations$: Spark Connector Master: Begin to process and upload data for 1 partitions: directory=RatcHS32ya CSV true
[2026-05-09T14:08:57.525+0000] {subprocess.py:106} INFO - 26/05/09 14:08:57 INFO SparkContext: Starting job: collect at CloudStorageOperations.scala:813
[2026-05-09T14:08:57.528+0000] {subprocess.py:106} INFO - 26/05/09 14:08:57 INFO DAGScheduler: Got job 1 (collect at CloudStorageOperations.scala:813) with 1 output partitions
[2026-05-09T14:08:57.532+0000] {subprocess.py:106} INFO - 26/05/09 14:08:57 INFO DAGScheduler: Final stage: ResultStage 1 (collect at CloudStorageOperations.scala:813)
[2026-05-09T14:08:57.533+0000] {subprocess.py:106} INFO - 26/05/09 14:08:57 INFO DAGScheduler: Parents of final stage: List()
[2026-05-09T14:08:57.534+0000] {subprocess.py:106} INFO - 26/05/09 14:08:57 INFO DAGScheduler: Missing parents: List()
[2026-05-09T14:08:57.535+0000] {subprocess.py:106} INFO - 26/05/09 14:08:57 INFO DAGScheduler: Submitting ResultStage 1 (MapPartitionsRDD[9] at mapPartitionsWithIndex at CloudStorageOperations.scala:796), which has no missing parents
[2026-05-09T14:08:57.543+0000] {subprocess.py:106} INFO - 26/05/09 14:08:57 INFO MemoryStore: Block broadcast_2 stored as values in memory (estimated size 39.1 KiB, free 434.1 MiB)
[2026-05-09T14:08:57.556+0000] {subprocess.py:106} INFO - 26/05/09 14:08:57 INFO MemoryStore: Block broadcast_2_piece0 stored as bytes in memory (estimated size 17.1 KiB, free 434.1 MiB)
[2026-05-09T14:08:57.559+0000] {subprocess.py:106} INFO - 26/05/09 14:08:57 INFO BlockManagerInfo: Added broadcast_2_piece0 in memory on 172.30.1.13:42321 (size: 17.1 KiB, free: 434.3 MiB)
[2026-05-09T14:08:57.561+0000] {subprocess.py:106} INFO - 26/05/09 14:08:57 INFO SparkContext: Created broadcast 2 from broadcast at DAGScheduler.scala:1580
[2026-05-09T14:08:57.562+0000] {subprocess.py:106} INFO - 26/05/09 14:08:57 INFO DAGScheduler: Submitting 1 missing tasks from ResultStage 1 (MapPartitionsRDD[9] at mapPartitionsWithIndex at CloudStorageOperations.scala:796) (first 15 tasks are for partitions Vector(0))
[2026-05-09T14:08:57.563+0000] {subprocess.py:106} INFO - 26/05/09 14:08:57 INFO YarnScheduler: Adding task set 1.0 with 1 tasks resource profile 0
[2026-05-09T14:08:57.587+0000] {subprocess.py:106} INFO - 26/05/09 14:08:57 INFO TaskSetManager: Starting task 0.0 in stage 1.0 (TID 1) (6303bebb27dc, executor 1, partition 0, RACK_LOCAL, 8307 bytes)
[2026-05-09T14:08:58.017+0000] {subprocess.py:106} INFO - 26/05/09 14:08:58 INFO BlockManagerInfo: Added broadcast_2_piece0 in memory on 6303bebb27dc:39611 (size: 17.1 KiB, free: 93.3 MiB)
[2026-05-09T14:09:00.067+0000] {subprocess.py:106} INFO - 26/05/09 14:09:00 INFO YarnSchedulerBackend$YarnDriverEndpoint: Registered executor NettyRpcEndpointRef(spark-client://Executor) (172.30.1.26:40510) with ID 3,  ResourceProfileId 0
[2026-05-09T14:09:00.198+0000] {subprocess.py:106} INFO - 26/05/09 14:09:00 INFO BlockManagerMasterEndpoint: Registering block manager 00a554289257:39905 with 93.3 MiB RAM, BlockManagerId(3, 00a554289257, 39905, None)
[2026-05-09T14:09:02.418+0000] {subprocess.py:106} INFO - 26/05/09 14:09:02 ERROR Inbox: Ignoring error
[2026-05-09T14:09:02.420+0000] {subprocess.py:106} INFO - java.io.NotSerializableException: org.apache.spark.storage.StorageStatus
[2026-05-09T14:09:02.421+0000] {subprocess.py:106} INFO - Serialization stack:
[2026-05-09T14:09:02.424+0000] {subprocess.py:106} INFO - 	- object not serializable (class: org.apache.spark.storage.StorageStatus, value: org.apache.spark.storage.StorageStatus@34b75081)
[2026-05-09T14:09:02.426+0000] {subprocess.py:106} INFO - 	- element of array (index: 0)
[2026-05-09T14:09:02.427+0000] {subprocess.py:106} INFO - 	- array (class [Lorg.apache.spark.storage.StorageStatus;, size 3)
[2026-05-09T14:09:02.427+0000] {subprocess.py:106} INFO - 	at org.apache.spark.serializer.SerializationDebugger$.improveException(SerializationDebugger.scala:41)
[2026-05-09T14:09:02.428+0000] {subprocess.py:106} INFO - 	at org.apache.spark.serializer.JavaSerializationStream.writeObject(JavaSerializer.scala:49)
[2026-05-09T14:09:02.429+0000] {subprocess.py:106} INFO - 	at org.apache.spark.serializer.JavaSerializerInstance.serialize(JavaSerializer.scala:115)
[2026-05-09T14:09:02.430+0000] {subprocess.py:106} INFO - 	at org.apache.spark.rpc.netty.NettyRpcEnv.serialize(NettyRpcEnv.scala:286)
[2026-05-09T14:09:02.431+0000] {subprocess.py:106} INFO - 	at org.apache.spark.rpc.netty.RemoteNettyRpcCallContext.send(NettyRpcCallContext.scala:64)
[2026-05-09T14:09:02.431+0000] {subprocess.py:106} INFO - 	at org.apache.spark.rpc.netty.NettyRpcCallContext.reply(NettyRpcCallContext.scala:32)
[2026-05-09T14:09:02.432+0000] {subprocess.py:106} INFO - 	at org.apache.spark.storage.BlockManagerMasterEndpoint$$anonfun$receiveAndReply$1.applyOrElse(BlockManagerMasterEndpoint.scala:172)
[2026-05-09T14:09:02.432+0000] {subprocess.py:106} INFO - 	at org.apache.spark.rpc.netty.Inbox.$anonfun$process$1(Inbox.scala:103)
[2026-05-09T14:09:02.433+0000] {subprocess.py:106} INFO - 	at org.apache.spark.rpc.netty.Inbox.safelyCall(Inbox.scala:213)
[2026-05-09T14:09:02.434+0000] {subprocess.py:106} INFO - 	at org.apache.spark.rpc.netty.Inbox.process(Inbox.scala:100)
[2026-05-09T14:09:02.434+0000] {subprocess.py:106} INFO - 	at org.apache.spark.rpc.netty.MessageLoop.org$apache$spark$rpc$netty$MessageLoop$$receiveLoop(MessageLoop.scala:75)
[2026-05-09T14:09:02.435+0000] {subprocess.py:106} INFO - 	at org.apache.spark.rpc.netty.MessageLoop$$anon$1.run(MessageLoop.scala:41)
[2026-05-09T14:09:02.436+0000] {subprocess.py:106} INFO - 	at java.base/java.util.concurrent.ThreadPoolExecutor.runWorker(ThreadPoolExecutor.java:1136)
[2026-05-09T14:09:02.436+0000] {subprocess.py:106} INFO - 	at java.base/java.util.concurrent.ThreadPoolExecutor$Worker.run(ThreadPoolExecutor.java:635)
[2026-05-09T14:09:02.436+0000] {subprocess.py:106} INFO - 	at java.base/java.lang.Thread.run(Thread.java:833)
[2026-05-09T14:09:02.522+0000] {subprocess.py:106} INFO - 26/05/09 14:09:02 INFO BlockManagerInfo: Added broadcast_1_piece0 in memory on 6303bebb27dc:39611 (size: 36.3 KiB, free: 93.2 MiB)
[2026-05-09T14:09:03.801+0000] {local_task_job_runner.py:346} WARNING - State of this instance has been externally set to None. Terminating instance.
[2026-05-09T14:09:03.802+0000] {local_task_job_runner.py:245} INFO - ::endgroup::
[2026-05-09T14:09:03.812+0000] {process_utils.py:132} INFO - Sending 15 to group 975. PIDs of all processes in the group: [978, 975]
[2026-05-09T14:09:03.813+0000] {process_utils.py:87} INFO - Sending the signal 15 to group 975
[2026-05-09T14:09:03.818+0000] {taskinstance.py:3093} ERROR - Received SIGTERM. Terminating subprocesses.
[2026-05-09T14:09:03.819+0000] {subprocess.py:117} INFO - Sending SIGTERM signal to process group
[2026-05-09T14:09:03.901+0000] {taskinstance.py:3311} ERROR - Task failed with exception
Traceback (most recent call last):
  File "/home/airflow/.local/lib/python3.12/site-packages/airflow/models/taskinstance.py", line 767, in _execute_task
    result = _execute_callable(context=context, **execute_callable_kwargs)
             ^^^^^^^^^^^^^^^^^^^^^^^^^^^^^^^^^^^^^^^^^^^^^^^^^^^^^^^^^^^^^
  File "/home/airflow/.local/lib/python3.12/site-packages/airflow/models/taskinstance.py", line 733, in _execute_callable
    return ExecutionCallableRunner(
           ^^^^^^^^^^^^^^^^^^^^^^^^
  File "/home/airflow/.local/lib/python3.12/site-packages/airflow/utils/operator_helpers.py", line 252, in run
    return self.func(*args, **kwargs)
           ^^^^^^^^^^^^^^^^^^^^^^^^^^
  File "/home/airflow/.local/lib/python3.12/site-packages/airflow/models/baseoperator.py", line 422, in wrapper
    return func(self, *args, **kwargs)
           ^^^^^^^^^^^^^^^^^^^^^^^^^^^
  File "/home/airflow/.local/lib/python3.12/site-packages/airflow/operators/bash.py", line 257, in execute
    result = self._run_inline_command(bash_path=bash_path, env=env)
             ^^^^^^^^^^^^^^^^^^^^^^^^^^^^^^^^^^^^^^^^^^^^^^^^^^^^^^
  File "/home/airflow/.local/lib/python3.12/site-packages/airflow/operators/bash.py", line 284, in _run_inline_command
    return self.subprocess_hook.run_command(
           ^^^^^^^^^^^^^^^^^^^^^^^^^^^^^^^^^
  File "/home/airflow/.local/lib/python3.12/site-packages/airflow/hooks/subprocess.py", line 104, in run_command
    for raw_line in iter(self.sub_process.stdout.readline, b""):
                    ^^^^^^^^^^^^^^^^^^^^^^^^^^^^^^^^^^^^^^^^^^^
  File "/home/airflow/.local/lib/python3.12/site-packages/airflow/models/taskinstance.py", line 3095, in signal_handler
    raise AirflowTaskTerminated("Task received SIGTERM signal")
airflow.exceptions.AirflowTaskTerminated: Task received SIGTERM signal
[2026-05-09T14:09:03.933+0000] {taskinstance.py:1225} INFO - Marking task as FAILED. dag_id=ecommerce_etl_pipeline, task_id=load, run_id=manual__2026-05-09T13:49:11.303018+00:00, execution_date=20260509T134911, start_date=20260509T140225, end_date=20260509T140903
[2026-05-09T14:09:04.019+0000] {taskinstance.py:340} INFO - ::group::Post task execution logs
[2026-05-09T14:09:04.070+0000] {process_utils.py:80} INFO - Process psutil.Process(pid=975, status='terminated', exitcode=2, started='14:02:25') (975) terminated with exit code 2
[2026-05-09T14:09:04.073+0000] {process_utils.py:80} INFO - Process psutil.Process(pid=978, status='terminated', started='14:02:26') (978) terminated with exit code None
