[2026-05-09T13:55:54.589+0000] {local_task_job_runner.py:123} INFO - ::group::Pre task execution logs
[2026-05-09T13:55:54.613+0000] {taskinstance.py:2613} INFO - Dependencies all met for dep_context=non-requeueable deps ti=<TaskInstance: ecommerce_etl_pipeline.load manual__2026-05-09T13:49:11.303018+00:00 [queued]>
[2026-05-09T13:55:54.625+0000] {taskinstance.py:2613} INFO - Dependencies all met for dep_context=requeueable deps ti=<TaskInstance: ecommerce_etl_pipeline.load manual__2026-05-09T13:49:11.303018+00:00 [queued]>
[2026-05-09T13:55:54.626+0000] {taskinstance.py:2866} INFO - Starting attempt 1 of 2
[2026-05-09T13:55:54.642+0000] {taskinstance.py:2889} INFO - Executing <Task(BashOperator): load> on 2026-05-09 13:49:11.303018+00:00
[2026-05-09T13:55:54.652+0000] {standard_task_runner.py:72} INFO - Started process 778 to run task
[2026-05-09T13:55:54.657+0000] {standard_task_runner.py:104} INFO - Running: ['***', 'tasks', 'run', 'ecommerce_etl_pipeline', 'load', 'manual__2026-05-09T13:49:11.303018+00:00', '--job-id', '21', '--raw', '--subdir', 'DAGS_FOLDER/ecommerce_etl_dag.py', '--cfg-path', '/tmp/tmpe2x000kv']
[2026-05-09T13:55:54.660+0000] {standard_task_runner.py:105} INFO - Job 21: Subtask load
[2026-05-09T13:55:54.732+0000] {task_command.py:467} INFO - Running <TaskInstance: ecommerce_etl_pipeline.load manual__2026-05-09T13:49:11.303018+00:00 [running]> on host 6de7479667a2
[2026-05-09T13:55:54.835+0000] {taskinstance.py:3132} INFO - Exporting env vars: AIRFLOW_CTX_DAG_OWNER='***' AIRFLOW_CTX_DAG_ID='ecommerce_etl_pipeline' AIRFLOW_CTX_TASK_ID='load' AIRFLOW_CTX_EXECUTION_DATE='2026-05-09T13:49:11.303018+00:00' AIRFLOW_CTX_TRY_NUMBER='1' AIRFLOW_CTX_DAG_RUN_ID='manual__2026-05-09T13:49:11.303018+00:00'
[2026-05-09T13:55:54.837+0000] {taskinstance.py:731} INFO - ::endgroup::
[2026-05-09T13:55:54.868+0000] {subprocess.py:78} INFO - Tmp dir root location: /tmp
[2026-05-09T13:55:54.870+0000] {subprocess.py:88} INFO - Running command: ['/usr/bin/bash', '-c', 'docker exec spark-jupyter spark-submit --master yarn --conf spark.driver.host=172.30.1.13 --jars /opt/spark/jars/spark-snowflake_2.12-2.12.0-spark_3.3.jar,/opt/spark/jars/snowflake-jdbc-3.13.30.jar /tmp/l.py']
[2026-05-09T13:55:54.888+0000] {subprocess.py:99} INFO - Output:
[2026-05-09T13:55:58.092+0000] {subprocess.py:106} INFO - 26/05/09 13:55:58 WARN NativeCodeLoader: Unable to load native-hadoop library for your platform... using builtin-java classes where applicable
[2026-05-09T13:55:59.629+0000] {subprocess.py:106} INFO - 26/05/09 13:55:59 INFO SparkContext: Running Spark version 3.5.0
[2026-05-09T13:55:59.632+0000] {subprocess.py:106} INFO - 26/05/09 13:55:59 INFO SparkContext: OS info Linux, 6.6.87.2-microsoft-standard-WSL2, amd64
[2026-05-09T13:55:59.634+0000] {subprocess.py:106} INFO - 26/05/09 13:55:59 INFO SparkContext: Java version 17.0.8.1
[2026-05-09T13:55:59.675+0000] {subprocess.py:106} INFO - 26/05/09 13:55:59 INFO ResourceUtils: ==============================================================
[2026-05-09T13:55:59.676+0000] {subprocess.py:106} INFO - 26/05/09 13:55:59 INFO ResourceUtils: No custom resources configured for spark.driver.
[2026-05-09T13:55:59.677+0000] {subprocess.py:106} INFO - 26/05/09 13:55:59 INFO ResourceUtils: ==============================================================
[2026-05-09T13:55:59.678+0000] {subprocess.py:106} INFO - 26/05/09 13:55:59 INFO SparkContext: Submitted application: EcommerceETL_Load
[2026-05-09T13:55:59.703+0000] {subprocess.py:106} INFO - 26/05/09 13:55:59 INFO ResourceProfile: Default ResourceProfile created, executor resources: Map(cores -> name: cores, amount: 1, script: , vendor: , memory -> name: memory, amount: 512, script: , vendor: , offHeap -> name: offHeap, amount: 0, script: , vendor: ), task resources: Map(cpus -> name: cpus, amount: 1.0)
[2026-05-09T13:55:59.715+0000] {subprocess.py:106} INFO - 26/05/09 13:55:59 INFO ResourceProfile: Limiting resource is cpus at 1 tasks per executor
[2026-05-09T13:55:59.719+0000] {subprocess.py:106} INFO - 26/05/09 13:55:59 INFO ResourceProfileManager: Added ResourceProfile id: 0
[2026-05-09T13:55:59.808+0000] {subprocess.py:106} INFO - 26/05/09 13:55:59 INFO SecurityManager: Changing view acls to: root
[2026-05-09T13:55:59.810+0000] {subprocess.py:106} INFO - 26/05/09 13:55:59 INFO SecurityManager: Changing modify acls to: root
[2026-05-09T13:55:59.812+0000] {subprocess.py:106} INFO - 26/05/09 13:55:59 INFO SecurityManager: Changing view acls groups to:
[2026-05-09T13:55:59.813+0000] {subprocess.py:106} INFO - 26/05/09 13:55:59 INFO SecurityManager: Changing modify acls groups to:
[2026-05-09T13:55:59.814+0000] {subprocess.py:106} INFO - 26/05/09 13:55:59 INFO SecurityManager: SecurityManager: authentication disabled; ui acls disabled; users with view permissions: root; groups with view permissions: EMPTY; users with modify permissions: root; groups with modify permissions: EMPTY
[2026-05-09T13:56:00.160+0000] {subprocess.py:106} INFO - 26/05/09 13:56:00 INFO Utils: Successfully started service 'sparkDriver' on port 35009.
[2026-05-09T13:56:00.213+0000] {subprocess.py:106} INFO - 26/05/09 13:56:00 INFO SparkEnv: Registering MapOutputTracker
[2026-05-09T13:56:00.270+0000] {subprocess.py:106} INFO - 26/05/09 13:56:00 INFO SparkEnv: Registering BlockManagerMaster
[2026-05-09T13:56:00.298+0000] {subprocess.py:106} INFO - 26/05/09 13:56:00 INFO BlockManagerMasterEndpoint: Using org.apache.spark.storage.DefaultTopologyMapper for getting topology information
[2026-05-09T13:56:00.299+0000] {subprocess.py:106} INFO - 26/05/09 13:56:00 INFO BlockManagerMasterEndpoint: BlockManagerMasterEndpoint up
[2026-05-09T13:56:00.351+0000] {subprocess.py:106} INFO - 26/05/09 13:56:00 INFO SparkEnv: Registering BlockManagerMasterHeartbeat
[2026-05-09T13:56:00.388+0000] {subprocess.py:106} INFO - 26/05/09 13:56:00 INFO DiskBlockManager: Created local directory at /tmp/blockmgr-61d14a73-e7ff-4727-9ed5-8d691af52ccf
[2026-05-09T13:56:00.411+0000] {subprocess.py:106} INFO - 26/05/09 13:56:00 INFO MemoryStore: MemoryStore started with capacity 434.4 MiB
[2026-05-09T13:56:00.468+0000] {subprocess.py:106} INFO - 26/05/09 13:56:00 INFO SparkEnv: Registering OutputCommitCoordinator
[2026-05-09T13:56:00.747+0000] {subprocess.py:106} INFO - 26/05/09 13:56:00 INFO JettyUtils: Start Jetty 0.0.0.0:4040 for SparkUI
[2026-05-09T13:56:00.915+0000] {subprocess.py:106} INFO - 26/05/09 13:56:00 INFO Utils: Successfully started service 'SparkUI' on port 4040.
[2026-05-09T13:56:01.208+0000] {subprocess.py:106} INFO - 26/05/09 13:56:01 INFO DefaultNoHARMFailoverProxyProvider: Connecting to ResourceManager at resourcemanager/172.30.1.24:8032
[2026-05-09T13:56:01.903+0000] {subprocess.py:106} INFO - 26/05/09 13:56:01 INFO Configuration: resource-types.xml not found
[2026-05-09T13:56:01.904+0000] {subprocess.py:106} INFO - 26/05/09 13:56:01 INFO ResourceUtils: Unable to find 'resource-types.xml'.
[2026-05-09T13:56:01.921+0000] {subprocess.py:106} INFO - 26/05/09 13:56:01 INFO Client: Verifying our application has not requested more than the maximum memory capability of the cluster (8192 MB per container)
[2026-05-09T13:56:01.923+0000] {subprocess.py:106} INFO - 26/05/09 13:56:01 INFO Client: Will allocate AM container, with 896 MB memory including 384 MB overhead
[2026-05-09T13:56:01.924+0000] {subprocess.py:106} INFO - 26/05/09 13:56:01 INFO Client: Setting up container launch context for our AM
[2026-05-09T13:56:01.925+0000] {subprocess.py:106} INFO - 26/05/09 13:56:01 INFO Client: Setting up the launch environment for our AM container
[2026-05-09T13:56:01.934+0000] {subprocess.py:106} INFO - 26/05/09 13:56:01 INFO Client: Preparing resources for our AM container
[2026-05-09T13:56:01.983+0000] {subprocess.py:106} INFO - 26/05/09 13:56:01 WARN Client: Neither spark.yarn.jars nor spark.yarn.archive is set, falling back to uploading libraries under SPARK_HOME.
[2026-05-09T13:56:05.594+0000] {subprocess.py:106} INFO - 26/05/09 13:56:05 INFO Client: Uploading resource file:/tmp/spark-025626db-fa29-4cb6-9aac-3d699d857d8c/__spark_libs__18158716087262192188.zip -> hdfs://hadoop-namenode:9000/user/root/.sparkStaging/application_1778334521111_0005/__spark_libs__18158716087262192188.zip
[2026-05-09T13:56:08.878+0000] {subprocess.py:106} INFO - 26/05/09 13:56:08 INFO Client: Uploading resource file:/opt/spark/jars/spark-snowflake_2.12-2.12.0-spark_3.3.jar -> hdfs://hadoop-namenode:9000/user/root/.sparkStaging/application_1778334521111_0005/spark-snowflake_2.12-2.12.0-spark_3.3.jar
[2026-05-09T13:56:08.946+0000] {subprocess.py:106} INFO - 26/05/09 13:56:08 INFO Client: Uploading resource file:/opt/spark/jars/snowflake-jdbc-3.13.30.jar -> hdfs://hadoop-namenode:9000/user/root/.sparkStaging/application_1778334521111_0005/snowflake-jdbc-3.13.30.jar
[2026-05-09T13:56:10.117+0000] {subprocess.py:106} INFO - 26/05/09 13:56:10 INFO Client: Uploading resource file:/usr/local/spark-3.5.0-bin-hadoop3/python/lib/pyspark.zip -> hdfs://hadoop-namenode:9000/user/root/.sparkStaging/application_1778334521111_0005/pyspark.zip
[2026-05-09T13:56:10.177+0000] {subprocess.py:106} INFO - 26/05/09 13:56:10 INFO Client: Uploading resource file:/usr/local/spark-3.5.0-bin-hadoop3/python/lib/py4j-0.10.9.7-src.zip -> hdfs://hadoop-namenode:9000/user/root/.sparkStaging/application_1778334521111_0005/py4j-0.10.9.7-src.zip
[2026-05-09T13:56:10.583+0000] {subprocess.py:106} INFO - 26/05/09 13:56:10 INFO Client: Uploading resource file:/tmp/spark-025626db-fa29-4cb6-9aac-3d699d857d8c/__spark_conf__3406172051311266351.zip -> hdfs://hadoop-namenode:9000/user/root/.sparkStaging/application_1778334521111_0005/__spark_conf__.zip
[2026-05-09T13:56:10.691+0000] {subprocess.py:106} INFO - 26/05/09 13:56:10 INFO SecurityManager: Changing view acls to: root
[2026-05-09T13:56:10.693+0000] {subprocess.py:106} INFO - 26/05/09 13:56:10 INFO SecurityManager: Changing modify acls to: root
[2026-05-09T13:56:10.694+0000] {subprocess.py:106} INFO - 26/05/09 13:56:10 INFO SecurityManager: Changing view acls groups to:
[2026-05-09T13:56:10.697+0000] {subprocess.py:106} INFO - 26/05/09 13:56:10 INFO SecurityManager: Changing modify acls groups to:
[2026-05-09T13:56:10.704+0000] {subprocess.py:106} INFO - 26/05/09 13:56:10 INFO SecurityManager: SecurityManager: authentication disabled; ui acls disabled; users with view permissions: root; groups with view permissions: EMPTY; users with modify permissions: root; groups with modify permissions: EMPTY
[2026-05-09T13:56:10.728+0000] {subprocess.py:106} INFO - 26/05/09 13:56:10 INFO Client: Submitting application application_1778334521111_0005 to ResourceManager
[2026-05-09T13:56:10.827+0000] {subprocess.py:106} INFO - 26/05/09 13:56:10 INFO YarnClientImpl: Submitted application application_1778334521111_0005
[2026-05-09T13:56:11.834+0000] {subprocess.py:106} INFO - 26/05/09 13:56:11 INFO Client: Application report for application_1778334521111_0005 (state: ACCEPTED)
[2026-05-09T13:56:11.837+0000] {subprocess.py:106} INFO - 26/05/09 13:56:11 INFO Client:
[2026-05-09T13:56:11.838+0000] {subprocess.py:106} INFO - 	 client token: N/A
[2026-05-09T13:56:11.839+0000] {subprocess.py:106} INFO - 	 diagnostics: AM container is launched, waiting for AM container to Register with RM
[2026-05-09T13:56:11.839+0000] {subprocess.py:106} INFO - 	 ApplicationMaster host: N/A
[2026-05-09T13:56:11.840+0000] {subprocess.py:106} INFO - 	 ApplicationMaster RPC port: -1
[2026-05-09T13:56:11.840+0000] {subprocess.py:106} INFO - 	 queue: default
[2026-05-09T13:56:11.841+0000] {subprocess.py:106} INFO - 	 start time: 1778334970765
[2026-05-09T13:56:11.842+0000] {subprocess.py:106} INFO - 	 final status: UNDEFINED
[2026-05-09T13:56:11.842+0000] {subprocess.py:106} INFO - 	 tracking URL: http://resourcemanager:8088/proxy/application_1778334521111_0005/
[2026-05-09T13:56:11.843+0000] {subprocess.py:106} INFO - 	 user: root
[2026-05-09T13:56:22.893+0000] {subprocess.py:106} INFO - 26/05/09 13:56:22 INFO Client: Application report for application_1778334521111_0005 (state: RUNNING)
[2026-05-09T13:56:22.896+0000] {subprocess.py:106} INFO - 26/05/09 13:56:22 INFO Client:
[2026-05-09T13:56:22.897+0000] {subprocess.py:106} INFO - 	 client token: N/A
[2026-05-09T13:56:22.899+0000] {subprocess.py:106} INFO - 	 diagnostics: N/A
[2026-05-09T13:56:22.900+0000] {subprocess.py:106} INFO - 	 ApplicationMaster host: 172.30.1.26
[2026-05-09T13:56:22.901+0000] {subprocess.py:106} INFO - 	 ApplicationMaster RPC port: -1
[2026-05-09T13:56:22.902+0000] {subprocess.py:106} INFO - 	 queue: default
[2026-05-09T13:56:22.903+0000] {subprocess.py:106} INFO - 	 start time: 1778334970765
[2026-05-09T13:56:22.904+0000] {subprocess.py:106} INFO - 	 final status: UNDEFINED
[2026-05-09T13:56:22.905+0000] {subprocess.py:106} INFO - 	 tracking URL: http://resourcemanager:8088/proxy/application_1778334521111_0005/
[2026-05-09T13:56:22.906+0000] {subprocess.py:106} INFO - 	 user: root
[2026-05-09T13:56:22.907+0000] {subprocess.py:106} INFO - 26/05/09 13:56:22 INFO YarnClientSchedulerBackend: Application application_1778334521111_0005 has started running.
[2026-05-09T13:56:22.917+0000] {subprocess.py:106} INFO - 26/05/09 13:56:22 INFO Utils: Successfully started service 'org.apache.spark.network.netty.NettyBlockTransferService' on port 44707.
[2026-05-09T13:56:22.919+0000] {subprocess.py:106} INFO - 26/05/09 13:56:22 INFO NettyBlockTransferService: Server created on 172.30.1.13 0.0.0.0:44707
[2026-05-09T13:56:22.921+0000] {subprocess.py:106} INFO - 26/05/09 13:56:22 INFO BlockManager: Using org.apache.spark.storage.RandomBlockReplicationPolicy for block replication policy
[2026-05-09T13:56:22.932+0000] {subprocess.py:106} INFO - 26/05/09 13:56:22 INFO BlockManagerMaster: Registering BlockManager BlockManagerId(driver, 172.30.1.13, 44707, None)
[2026-05-09T13:56:22.940+0000] {subprocess.py:106} INFO - 26/05/09 13:56:22 INFO BlockManagerMasterEndpoint: Registering block manager 172.30.1.13:44707 with 434.4 MiB RAM, BlockManagerId(driver, 172.30.1.13, 44707, None)
[2026-05-09T13:56:22.945+0000] {subprocess.py:106} INFO - 26/05/09 13:56:22 INFO BlockManagerMaster: Registered BlockManager BlockManagerId(driver, 172.30.1.13, 44707, None)
[2026-05-09T13:56:22.947+0000] {subprocess.py:106} INFO - 26/05/09 13:56:22 INFO BlockManager: Initialized BlockManager: BlockManagerId(driver, 172.30.1.13, 44707, None)
[2026-05-09T13:56:23.035+0000] {subprocess.py:106} INFO - 26/05/09 13:56:23 INFO YarnClientSchedulerBackend: Add WebUI Filter. org.apache.hadoop.yarn.server.webproxy.amfilter.AmIpFilter, Map(PROXY_HOSTS -> resourcemanager, PROXY_URI_BASES -> http://resourcemanager:8088/proxy/application_1778334521111_0005), /proxy/application_1778334521111_0005
[2026-05-09T13:56:23.250+0000] {subprocess.py:106} INFO - 26/05/09 13:56:23 INFO ServerInfo: Adding filter to /jobs: org.apache.hadoop.yarn.server.webproxy.amfilter.AmIpFilter
[2026-05-09T13:56:23.267+0000] {subprocess.py:106} INFO - 26/05/09 13:56:23 INFO ServerInfo: Adding filter to /jobs/json: org.apache.hadoop.yarn.server.webproxy.amfilter.AmIpFilter
[2026-05-09T13:56:23.270+0000] {subprocess.py:106} INFO - 26/05/09 13:56:23 INFO ServerInfo: Adding filter to /jobs/job: org.apache.hadoop.yarn.server.webproxy.amfilter.AmIpFilter
[2026-05-09T13:56:23.277+0000] {subprocess.py:106} INFO - 26/05/09 13:56:23 INFO ServerInfo: Adding filter to /jobs/job/json: org.apache.hadoop.yarn.server.webproxy.amfilter.AmIpFilter
[2026-05-09T13:56:23.283+0000] {subprocess.py:106} INFO - 26/05/09 13:56:23 INFO ServerInfo: Adding filter to /stages: org.apache.hadoop.yarn.server.webproxy.amfilter.AmIpFilter
[2026-05-09T13:56:23.287+0000] {subprocess.py:106} INFO - 26/05/09 13:56:23 INFO ServerInfo: Adding filter to /stages/json: org.apache.hadoop.yarn.server.webproxy.amfilter.AmIpFilter
[2026-05-09T13:56:23.291+0000] {subprocess.py:106} INFO - 26/05/09 13:56:23 INFO ServerInfo: Adding filter to /stages/stage: org.apache.hadoop.yarn.server.webproxy.amfilter.AmIpFilter
[2026-05-09T13:56:23.293+0000] {subprocess.py:106} INFO - 26/05/09 13:56:23 INFO ServerInfo: Adding filter to /stages/stage/json: org.apache.hadoop.yarn.server.webproxy.amfilter.AmIpFilter
[2026-05-09T13:56:23.301+0000] {subprocess.py:106} INFO - 26/05/09 13:56:23 INFO ServerInfo: Adding filter to /stages/pool: org.apache.hadoop.yarn.server.webproxy.amfilter.AmIpFilter
[2026-05-09T13:56:23.305+0000] {subprocess.py:106} INFO - 26/05/09 13:56:23 INFO ServerInfo: Adding filter to /stages/pool/json: org.apache.hadoop.yarn.server.webproxy.amfilter.AmIpFilter
[2026-05-09T13:56:23.308+0000] {subprocess.py:106} INFO - 26/05/09 13:56:23 INFO ServerInfo: Adding filter to /storage: org.apache.hadoop.yarn.server.webproxy.amfilter.AmIpFilter
[2026-05-09T13:56:23.311+0000] {subprocess.py:106} INFO - 26/05/09 13:56:23 INFO ServerInfo: Adding filter to /storage/json: org.apache.hadoop.yarn.server.webproxy.amfilter.AmIpFilter
[2026-05-09T13:56:23.314+0000] {subprocess.py:106} INFO - 26/05/09 13:56:23 INFO ServerInfo: Adding filter to /storage/rdd: org.apache.hadoop.yarn.server.webproxy.amfilter.AmIpFilter
[2026-05-09T13:56:23.319+0000] {subprocess.py:106} INFO - 26/05/09 13:56:23 INFO ServerInfo: Adding filter to /storage/rdd/json: org.apache.hadoop.yarn.server.webproxy.amfilter.AmIpFilter
[2026-05-09T13:56:23.325+0000] {subprocess.py:106} INFO - 26/05/09 13:56:23 INFO ServerInfo: Adding filter to /environment: org.apache.hadoop.yarn.server.webproxy.amfilter.AmIpFilter
[2026-05-09T13:56:23.328+0000] {subprocess.py:106} INFO - 26/05/09 13:56:23 INFO ServerInfo: Adding filter to /environment/json: org.apache.hadoop.yarn.server.webproxy.amfilter.AmIpFilter
[2026-05-09T13:56:23.331+0000] {subprocess.py:106} INFO - 26/05/09 13:56:23 INFO ServerInfo: Adding filter to /executors: org.apache.hadoop.yarn.server.webproxy.amfilter.AmIpFilter
[2026-05-09T13:56:23.335+0000] {subprocess.py:106} INFO - 26/05/09 13:56:23 INFO ServerInfo: Adding filter to /executors/json: org.apache.hadoop.yarn.server.webproxy.amfilter.AmIpFilter
[2026-05-09T13:56:23.342+0000] {subprocess.py:106} INFO - 26/05/09 13:56:23 INFO ServerInfo: Adding filter to /executors/threadDump: org.apache.hadoop.yarn.server.webproxy.amfilter.AmIpFilter
[2026-05-09T13:56:23.344+0000] {subprocess.py:106} INFO - 26/05/09 13:56:23 INFO ServerInfo: Adding filter to /executors/threadDump/json: org.apache.hadoop.yarn.server.webproxy.amfilter.AmIpFilter
[2026-05-09T13:56:23.347+0000] {subprocess.py:106} INFO - 26/05/09 13:56:23 INFO ServerInfo: Adding filter to /executors/heapHistogram: org.apache.hadoop.yarn.server.webproxy.amfilter.AmIpFilter
[2026-05-09T13:56:23.351+0000] {subprocess.py:106} INFO - 26/05/09 13:56:23 INFO ServerInfo: Adding filter to /executors/heapHistogram/json: org.apache.hadoop.yarn.server.webproxy.amfilter.AmIpFilter
[2026-05-09T13:56:23.355+0000] {subprocess.py:106} INFO - 26/05/09 13:56:23 INFO ServerInfo: Adding filter to /static: org.apache.hadoop.yarn.server.webproxy.amfilter.AmIpFilter
[2026-05-09T13:56:23.375+0000] {subprocess.py:106} INFO - 26/05/09 13:56:23 INFO ServerInfo: Adding filter to /: org.apache.hadoop.yarn.server.webproxy.amfilter.AmIpFilter
[2026-05-09T13:56:23.379+0000] {subprocess.py:106} INFO - 26/05/09 13:56:23 INFO ServerInfo: Adding filter to /api: org.apache.hadoop.yarn.server.webproxy.amfilter.AmIpFilter
[2026-05-09T13:56:23.384+0000] {subprocess.py:106} INFO - 26/05/09 13:56:23 INFO ServerInfo: Adding filter to /jobs/job/kill: org.apache.hadoop.yarn.server.webproxy.amfilter.AmIpFilter
[2026-05-09T13:56:23.390+0000] {subprocess.py:106} INFO - 26/05/09 13:56:23 INFO ServerInfo: Adding filter to /stages/stage/kill: org.apache.hadoop.yarn.server.webproxy.amfilter.AmIpFilter
[2026-05-09T13:56:23.400+0000] {subprocess.py:106} INFO - 26/05/09 13:56:23 INFO ServerInfo: Adding filter to /metrics/json: org.apache.hadoop.yarn.server.webproxy.amfilter.AmIpFilter
[2026-05-09T13:56:23.636+0000] {subprocess.py:106} INFO - 26/05/09 13:56:23 INFO YarnSchedulerBackend$YarnSchedulerEndpoint: ApplicationMaster registered as NettyRpcEndpointRef(spark-client://YarnAM)
[2026-05-09T13:56:30.594+0000] {subprocess.py:106} INFO - 26/05/09 13:56:30 INFO YarnSchedulerBackend$YarnDriverEndpoint: Registered executor NettyRpcEndpointRef(spark-client://Executor) (172.30.1.26:43412) with ID 1,  ResourceProfileId 0
[2026-05-09T13:56:30.908+0000] {subprocess.py:106} INFO - 26/05/09 13:56:30 INFO BlockManagerMasterEndpoint: Registering block manager 00a554289257:35005 with 93.3 MiB RAM, BlockManagerId(1, 00a554289257, 35005, None)
[2026-05-09T13:56:31.132+0000] {subprocess.py:106} INFO - 26/05/09 13:56:31 INFO YarnClientSchedulerBackend: SchedulerBackend is ready for scheduling beginning after waiting maxRegisteredResourcesWaitingTime: 30000000000(ns)
[2026-05-09T13:56:31.627+0000] {subprocess.py:106} INFO - ✅ Spark Connected!
[2026-05-09T13:56:31.629+0000] {subprocess.py:106} INFO - 📤 Loading dim_date to Snowflake...
[2026-05-09T13:56:31.630+0000] {subprocess.py:106} INFO - 26/05/09 13:56:31 INFO SharedState: Setting hive.metastore.warehouse.dir ('null') to the value of spark.sql.warehouse.dir.
[2026-05-09T13:56:31.634+0000] {subprocess.py:106} INFO - 26/05/09 13:56:31 INFO SharedState: Warehouse path is 'file:/home/jovyan/spark-warehouse'.
[2026-05-09T13:56:31.657+0000] {subprocess.py:106} INFO - 26/05/09 13:56:31 INFO ServerInfo: Adding filter to /SQL: org.apache.hadoop.yarn.server.webproxy.amfilter.AmIpFilter
[2026-05-09T13:56:31.662+0000] {subprocess.py:106} INFO - 26/05/09 13:56:31 INFO ServerInfo: Adding filter to /SQL/json: org.apache.hadoop.yarn.server.webproxy.amfilter.AmIpFilter
[2026-05-09T13:56:31.667+0000] {subprocess.py:106} INFO - 26/05/09 13:56:31 INFO ServerInfo: Adding filter to /SQL/execution: org.apache.hadoop.yarn.server.webproxy.amfilter.AmIpFilter
[2026-05-09T13:56:31.670+0000] {subprocess.py:106} INFO - 26/05/09 13:56:31 INFO ServerInfo: Adding filter to /SQL/execution/json: org.apache.hadoop.yarn.server.webproxy.amfilter.AmIpFilter
[2026-05-09T13:56:31.676+0000] {subprocess.py:106} INFO - 26/05/09 13:56:31 INFO ServerInfo: Adding filter to /static/sql: org.apache.hadoop.yarn.server.webproxy.amfilter.AmIpFilter
[2026-05-09T13:56:34.637+0000] {subprocess.py:106} INFO - 26/05/09 13:56:34 INFO InMemoryFileIndex: It took 114 ms to list leaf files for 1 paths.
[2026-05-09T13:56:35.501+0000] {subprocess.py:106} INFO - 26/05/09 13:56:35 INFO SparkContext: Starting job: parquet at NativeMethodAccessorImpl.java:0
[2026-05-09T13:56:35.537+0000] {subprocess.py:106} INFO - 26/05/09 13:56:35 INFO DAGScheduler: Got job 0 (parquet at NativeMethodAccessorImpl.java:0) with 1 output partitions
[2026-05-09T13:56:35.538+0000] {subprocess.py:106} INFO - 26/05/09 13:56:35 INFO DAGScheduler: Final stage: ResultStage 0 (parquet at NativeMethodAccessorImpl.java:0)
[2026-05-09T13:56:35.539+0000] {subprocess.py:106} INFO - 26/05/09 13:56:35 INFO DAGScheduler: Parents of final stage: List()
[2026-05-09T13:56:35.540+0000] {subprocess.py:106} INFO - 26/05/09 13:56:35 INFO DAGScheduler: Missing parents: List()
[2026-05-09T13:56:35.549+0000] {subprocess.py:106} INFO - 26/05/09 13:56:35 INFO DAGScheduler: Submitting ResultStage 0 (MapPartitionsRDD[1] at parquet at NativeMethodAccessorImpl.java:0), which has no missing parents
[2026-05-09T13:56:35.694+0000] {subprocess.py:106} INFO - 26/05/09 13:56:35 INFO MemoryStore: Block broadcast_0 stored as values in memory (estimated size 105.0 KiB, free 434.3 MiB)
[2026-05-09T13:56:35.760+0000] {subprocess.py:106} INFO - 26/05/09 13:56:35 INFO MemoryStore: Block broadcast_0_piece0 stored as bytes in memory (estimated size 38.2 KiB, free 434.3 MiB)
[2026-05-09T13:56:35.769+0000] {subprocess.py:106} INFO - 26/05/09 13:56:35 INFO BlockManagerInfo: Added broadcast_0_piece0 in memory on 172.30.1.13:44707 (size: 38.2 KiB, free: 434.4 MiB)
[2026-05-09T13:56:35.778+0000] {subprocess.py:106} INFO - 26/05/09 13:56:35 INFO SparkContext: Created broadcast 0 from broadcast at DAGScheduler.scala:1580
[2026-05-09T13:56:35.862+0000] {subprocess.py:106} INFO - 26/05/09 13:56:35 INFO DAGScheduler: Submitting 1 missing tasks from ResultStage 0 (MapPartitionsRDD[1] at parquet at NativeMethodAccessorImpl.java:0) (first 15 tasks are for partitions Vector(0))
[2026-05-09T13:56:35.867+0000] {subprocess.py:106} INFO - 26/05/09 13:56:35 INFO YarnScheduler: Adding task set 0.0 with 1 tasks resource profile 0
[2026-05-09T13:56:35.945+0000] {subprocess.py:106} INFO - 26/05/09 13:56:35 INFO TaskSetManager: Starting task 0.0 in stage 0.0 (TID 0) (00a554289257, executor 1, partition 0, PROCESS_LOCAL, 7839 bytes)
[2026-05-09T13:56:36.789+0000] {subprocess.py:106} INFO - 26/05/09 13:56:36 INFO BlockManagerInfo: Added broadcast_0_piece0 in memory on 00a554289257:35005 (size: 38.2 KiB, free: 93.3 MiB)
[2026-05-09T13:56:41.832+0000] {subprocess.py:106} INFO - 26/05/09 13:56:41 INFO TaskSetManager: Finished task 0.0 in stage 0.0 (TID 0) in 5896 ms on 00a554289257 (executor 1) (1/1)
[2026-05-09T13:56:41.846+0000] {subprocess.py:106} INFO - 26/05/09 13:56:41 INFO YarnScheduler: Removed TaskSet 0.0, whose tasks have all completed, from pool
[2026-05-09T13:56:41.857+0000] {subprocess.py:106} INFO - 26/05/09 13:56:41 INFO DAGScheduler: ResultStage 0 (parquet at NativeMethodAccessorImpl.java:0) finished in 6.269 s
[2026-05-09T13:56:41.859+0000] {subprocess.py:106} INFO - 26/05/09 13:56:41 INFO DAGScheduler: Job 0 is finished. Cancelling potential speculative or zombie tasks for this job
[2026-05-09T13:56:41.863+0000] {subprocess.py:106} INFO - 26/05/09 13:56:41 INFO YarnScheduler: Killing all running tasks in stage 0: Stage finished
[2026-05-09T13:56:41.866+0000] {subprocess.py:106} INFO - 26/05/09 13:56:41 INFO DAGScheduler: Job 0 finished: parquet at NativeMethodAccessorImpl.java:0, took 6.353667 s
[2026-05-09T13:56:42.575+0000] {subprocess.py:106} INFO - 26/05/09 13:56:42 INFO BlockManagerInfo: Removed broadcast_0_piece0 on 172.30.1.13:44707 in memory (size: 38.2 KiB, free: 434.4 MiB)
[2026-05-09T13:56:42.651+0000] {subprocess.py:106} INFO - 26/05/09 13:56:42 INFO BlockManagerInfo: Removed broadcast_0_piece0 on 00a554289257:35005 in memory (size: 38.2 KiB, free: 93.3 MiB)
[2026-05-09T13:56:44.140+0000] {subprocess.py:106} INFO - 26/05/09 13:56:44 INFO YarnSchedulerBackend$YarnDriverEndpoint: Registered executor NettyRpcEndpointRef(spark-client://Executor) (172.30.1.25:51168) with ID 2,  ResourceProfileId 0
[2026-05-09T13:56:44.433+0000] {subprocess.py:106} INFO - 26/05/09 13:56:44 INFO BlockManagerMasterEndpoint: Registering block manager 6303bebb27dc:43897 with 93.3 MiB RAM, BlockManagerId(2, 6303bebb27dc, 43897, None)
[2026-05-09T13:56:45.230+0000] {subprocess.py:106} INFO - 26/05/09 13:56:45 WARN SnowflakeConnectorUtils$: Query pushdown is not supported because you are using Spark 3.5.0 with a connector designed to support Spark 3.3. Either use the version of Spark supported by the connector or install a version of the connector that supports your version of Spark.
[2026-05-09T13:56:45.424+0000] {subprocess.py:106} INFO - 26/05/09 13:56:45 INFO FileSourceStrategy: Pushed Filters:
[2026-05-09T13:56:45.432+0000] {subprocess.py:106} INFO - 26/05/09 13:56:45 INFO FileSourceStrategy: Post-Scan Filters:
[2026-05-09T13:56:46.094+0000] {subprocess.py:106} INFO - 26/05/09 13:56:46 INFO CodeGenerator: Code generated in 458.699373 ms
[2026-05-09T13:56:46.161+0000] {subprocess.py:106} INFO - 26/05/09 13:56:46 INFO MemoryStore: Block broadcast_1 stored as values in memory (estimated size 209.5 KiB, free 434.2 MiB)
[2026-05-09T13:56:46.183+0000] {subprocess.py:106} INFO - 26/05/09 13:56:46 INFO MemoryStore: Block broadcast_1_piece0 stored as bytes in memory (estimated size 36.3 KiB, free 434.2 MiB)
[2026-05-09T13:56:46.186+0000] {subprocess.py:106} INFO - 26/05/09 13:56:46 INFO BlockManagerInfo: Added broadcast_1_piece0 in memory on 172.30.1.13:44707 (size: 36.3 KiB, free: 434.4 MiB)
[2026-05-09T13:56:46.188+0000] {subprocess.py:106} INFO - 26/05/09 13:56:46 INFO SparkContext: Created broadcast 1 from rdd at SnowflakeWriter.scala:87
[2026-05-09T13:56:46.216+0000] {subprocess.py:106} INFO - 26/05/09 13:56:46 INFO FileSourceScanExec: Planning scan with bin packing, max size: 4194304 bytes, open cost is considered as scanning 4194304 bytes.
[2026-05-09T13:56:51.043+0000] {subprocess.py:106} INFO - 26/05/09 13:56:51 INFO ServerConnection$: Create ServerConnection with new JDBC connection: 301291955998806
[2026-05-09T13:56:51.074+0000] {subprocess.py:106} INFO - 26/05/09 13:56:51 INFO SparkConnectorContext$: Spark Connector system config: {
[2026-05-09T13:56:51.075+0000] {subprocess.py:106} INFO -   "spark_connector_version" : "2.12.0",
[2026-05-09T13:56:51.076+0000] {subprocess.py:106} INFO -   "spark_version" : "3.5.0",
[2026-05-09T13:56:51.077+0000] {subprocess.py:106} INFO -   "application_name" : "EcommerceETL_Load",
[2026-05-09T13:56:51.078+0000] {subprocess.py:106} INFO -   "scala_version" : "2.12.18",
[2026-05-09T13:56:51.079+0000] {subprocess.py:106} INFO -   "java_version" : "17.0.8.1",
[2026-05-09T13:56:51.079+0000] {subprocess.py:106} INFO -   "jdbc_version" : "3.13.30",
[2026-05-09T13:56:51.080+0000] {subprocess.py:106} INFO -   "certified_jdbc_version" : "3.13.30",
[2026-05-09T13:56:51.080+0000] {subprocess.py:106} INFO -   "os_name" : "Linux",
[2026-05-09T13:56:51.081+0000] {subprocess.py:106} INFO -   "max_memory_in_mb" : 1024,
[2026-05-09T13:56:51.081+0000] {subprocess.py:106} INFO -   "total_memory_in_mb" : 132,
[2026-05-09T13:56:51.083+0000] {subprocess.py:106} INFO -   "free_memory_in_mb" : 59,
[2026-05-09T13:56:51.084+0000] {subprocess.py:106} INFO -   "cpu_cores" : 12,
[2026-05-09T13:56:51.084+0000] {subprocess.py:106} INFO -   "spark_application_id" : "application_1778334521111_0005",
[2026-05-09T13:56:51.085+0000] {subprocess.py:106} INFO -   "spark_language" : "Scala",
[2026-05-09T13:56:51.085+0000] {subprocess.py:106} INFO -   "is_pyspark" : false,
[2026-05-09T13:56:51.086+0000] {subprocess.py:106} INFO -   "spark_config" : {
[2026-05-09T13:56:51.087+0000] {subprocess.py:106} INFO -     "spark.hadoop.yarn.resourcemanager.hostname" : "N/A",
[2026-05-09T13:56:51.089+0000] {subprocess.py:106} INFO -     "spark.repl.local.jars" : "file:///opt/spark/jars/spark-snowflake_2.12-2.12.0-spark_3.3.jar,file:///opt/spark/jars/snowflake-jdbc-3.13.30.jar",
[2026-05-09T13:56:51.090+0000] {subprocess.py:106} INFO -     "spark.org.apache.hadoop.yarn.server.webproxy.amfilter.AmIpFilter.param.PROXY_URI_BASES" : "N/A",
[2026-05-09T13:56:51.091+0000] {subprocess.py:106} INFO -     "spark.app.startTime" : "N/A",
[2026-05-09T13:56:51.091+0000] {subprocess.py:106} INFO -     "spark.yarn.am.memory" : "N/A",
[2026-05-09T13:56:51.092+0000] {subprocess.py:106} INFO -     "spark.hadoop.yarn.resourcemanager.address" : "N/A",
[2026-05-09T13:56:51.093+0000] {subprocess.py:106} INFO -     "spark.app.name" : "EcommerceETL_Load",
[2026-05-09T13:56:51.094+0000] {subprocess.py:106} INFO -     "spark.yarn.dist.jars" : "N/A",
[2026-05-09T13:56:51.094+0000] {subprocess.py:106} INFO -     "spark.driver.appUIAddress" : "N/A",
[2026-05-09T13:56:51.095+0000] {subprocess.py:106} INFO -     "spark.driver.extraJavaOptions" : "-Djava.net.preferIPv6Addresses=false -XX:+IgnoreUnrecognizedVMOptions --add-opens=java.base/java.lang=ALL-UNNAMED --add-opens=java.base/java.lang.invoke=ALL-UNNAMED --add-opens=java.base/java.lang.reflect=ALL-UNNAMED --add-opens=java.base/java.io=ALL-UNNAMED --add-opens=java.base/java.net=ALL-UNNAMED --add-opens=java.base/java.nio=ALL-UNNAMED --add-opens=java.base/java.util=ALL-UNNAMED --add-opens=java.base/java.util.concurrent=ALL-UNNAMED --add-opens=java.base/java.util.concurrent.atomic=ALL-UNNAMED --add-opens=java.base/sun.nio.ch=ALL-UNNAMED --add-opens=java.base/sun.nio.cs=ALL-UNNAMED --add-opens=java.base/sun.security.action=ALL-UNNAMED --add-opens=java.base/sun.util.calendar=ALL-UNNAMED --add-opens=java.security.jgss/sun.security.krb5=ALL-UNNAMED -Djdk.reflect.useDirectMethodHandle=false",
[2026-05-09T13:56:51.096+0000] {subprocess.py:106} INFO -     "spark.org.apache.hadoop.yarn.server.webproxy.amfilter.AmIpFilter.param.PROXY_HOSTS" : "N/A",
[2026-05-09T13:56:51.097+0000] {subprocess.py:106} INFO -     "spark.sql.warehouse.dir" : "N/A",
[2026-05-09T13:56:51.098+0000] {subprocess.py:106} INFO -     "spark.serializer.objectStreamReset" : "N/A",
[2026-05-09T13:56:51.098+0000] {subprocess.py:106} INFO -     "spark.submit.deployMode" : "client",
[2026-05-09T13:56:51.099+0000] {subprocess.py:106} INFO -     "spark.executorEnv.PYTHONPATH" : "N/A",
[2026-05-09T13:56:51.100+0000] {subprocess.py:106} INFO -     "spark.hadoop.fs.defaultFS" : "N/A",
[2026-05-09T13:56:51.101+0000] {subprocess.py:106} INFO -     "spark.ui.filters" : "N/A",
[2026-05-09T13:56:51.101+0000] {subprocess.py:106} INFO -     "spark.executor.extraJavaOptions" : "-Djava.net.preferIPv6Addresses=false -XX:+IgnoreUnrecognizedVMOptions --add-opens=java.base/java.lang=ALL-UNNAMED --add-opens=java.base/java.lang.invoke=ALL-UNNAMED --add-opens=java.base/java.lang.reflect=ALL-UNNAMED --add-opens=java.base/java.io=ALL-UNNAMED --add-opens=java.base/java.net=ALL-UNNAMED --add-opens=java.base/java.nio=ALL-UNNAMED --add-opens=java.base/java.util=ALL-UNNAMED --add-opens=java.base/java.util.concurrent=ALL-UNNAMED --add-opens=java.base/java.util.concurrent.atomic=ALL-UNNAMED --add-opens=java.base/sun.nio.ch=ALL-UNNAMED --add-opens=java.base/sun.nio.cs=ALL-UNNAMED --add-opens=java.base/sun.security.action=ALL-UNNAMED --add-opens=java.base/sun.util.calendar=ALL-UNNAMED --add-opens=java.security.jgss/sun.security.krb5=ALL-UNNAMED -Djdk.reflect.useDirectMethodHandle=false",
[2026-05-09T13:56:51.102+0000] {subprocess.py:106} INFO -     "spark.executor.memory" : "512m",
[2026-05-09T13:56:51.103+0000] {subprocess.py:106} INFO -     "spark.app.submitTime" : "N/A",
[2026-05-09T13:56:51.103+0000] {subprocess.py:106} INFO -     "spark.executor.id" : "driver",
[2026-05-09T13:56:51.104+0000] {subprocess.py:106} INFO -     "spark.hadoop.yarn.resourcemanager.scheduler.address" : "N/A",
[2026-05-09T13:56:51.105+0000] {subprocess.py:106} INFO -     "spark.yarn.secondary.jars" : "N/A",
[2026-05-09T13:56:51.105+0000] {subprocess.py:106} INFO -     "spark.master" : "yarn",
[2026-05-09T13:56:51.106+0000] {subprocess.py:106} INFO -     "spark.driver.bindAddress" : "N/A",
[2026-05-09T13:56:51.107+0000] {subprocess.py:106} INFO -     "spark.rdd.compress" : "N/A",
[2026-05-09T13:56:51.107+0000] {subprocess.py:106} INFO -     "spark.submit.pyFiles" : "N/A",
[2026-05-09T13:56:51.108+0000] {subprocess.py:106} INFO -     "spark.yarn.isPython" : "N/A",
[2026-05-09T13:56:51.109+0000] {subprocess.py:106} INFO -     "spark.driver.host" : "172.30.1.13",
[2026-05-09T13:56:51.109+0000] {subprocess.py:106} INFO -     "spark.driver.port" : "N/A",
[2026-05-09T13:56:51.110+0000] {subprocess.py:106} INFO -     "spark.app.id" : "application_1778334521111_0005"
[2026-05-09T13:56:51.111+0000] {subprocess.py:106} INFO -   },
[2026-05-09T13:56:51.111+0000] {subprocess.py:106} INFO -   "libraries" : [ "py4j", "py4j.commands", "py4j.reflection" ],
[2026-05-09T13:56:51.112+0000] {subprocess.py:106} INFO -   "dependencies" : [ ],
[2026-05-09T13:56:51.114+0000] {subprocess.py:106} INFO -   "cluster_node_count" : 3,
[2026-05-09T13:56:51.114+0000] {subprocess.py:106} INFO -   "spark_default_parallelism" : 2,
[2026-05-09T13:56:51.115+0000] {subprocess.py:106} INFO -   "deploy_mode" : "client"
[2026-05-09T13:56:51.116+0000] {subprocess.py:106} INFO - }
[2026-05-09T13:56:51.116+0000] {subprocess.py:106} INFO - 26/05/09 13:56:51 INFO SnowflakeSQLStatement: Spark Connector Master: execute query with bind variable: alter session set timezone = 'Etc/UTC' , timestamp_ntz_output_format = 'YYYY-MM-DD HH24:MI:SS.FF3', timestamp_ltz_output_format = 'TZHTZM YYYY-MM-DD HH24:MI:SS.FF3', timestamp_tz_output_format = 'TZHTZM YYYY-MM-DD HH24:MI:SS.FF3' ;
[2026-05-09T13:56:52.267+0000] {subprocess.py:106} INFO - 26/05/09 13:56:52 INFO SnowflakeSQLStatement: Spark Connector Master: execute query with bind variable: create  temporary stage if not exists identifier(?)
[2026-05-09T13:56:53.996+0000] {subprocess.py:106} INFO - 26/05/09 13:56:53 INFO CloudStorageOperations$: Spark Connector Master: Begin to process and upload data for 1 partitions: directory=Bs7jpYTlWS CSV true
[2026-05-09T13:56:54.169+0000] {subprocess.py:106} INFO - 26/05/09 13:56:54 INFO SparkContext: Starting job: collect at CloudStorageOperations.scala:813
[2026-05-09T13:56:54.176+0000] {subprocess.py:106} INFO - 26/05/09 13:56:54 INFO DAGScheduler: Got job 1 (collect at CloudStorageOperations.scala:813) with 1 output partitions
[2026-05-09T13:56:54.178+0000] {subprocess.py:106} INFO - 26/05/09 13:56:54 INFO DAGScheduler: Final stage: ResultStage 1 (collect at CloudStorageOperations.scala:813)
[2026-05-09T13:56:54.179+0000] {subprocess.py:106} INFO - 26/05/09 13:56:54 INFO DAGScheduler: Parents of final stage: List()
[2026-05-09T13:56:54.180+0000] {subprocess.py:106} INFO - 26/05/09 13:56:54 INFO DAGScheduler: Missing parents: List()
[2026-05-09T13:56:54.181+0000] {subprocess.py:106} INFO - 26/05/09 13:56:54 INFO DAGScheduler: Submitting ResultStage 1 (MapPartitionsRDD[9] at mapPartitionsWithIndex at CloudStorageOperations.scala:796), which has no missing parents
[2026-05-09T13:56:54.194+0000] {subprocess.py:106} INFO - 26/05/09 13:56:54 INFO MemoryStore: Block broadcast_2 stored as values in memory (estimated size 39.1 KiB, free 434.1 MiB)
[2026-05-09T13:56:54.206+0000] {subprocess.py:106} INFO - 26/05/09 13:56:54 INFO MemoryStore: Block broadcast_2_piece0 stored as bytes in memory (estimated size 17.1 KiB, free 434.1 MiB)
[2026-05-09T13:56:54.211+0000] {subprocess.py:106} INFO - 26/05/09 13:56:54 INFO BlockManagerInfo: Added broadcast_2_piece0 in memory on 172.30.1.13:44707 (size: 17.1 KiB, free: 434.3 MiB)
[2026-05-09T13:56:54.214+0000] {subprocess.py:106} INFO - 26/05/09 13:56:54 INFO SparkContext: Created broadcast 2 from broadcast at DAGScheduler.scala:1580
[2026-05-09T13:56:54.219+0000] {subprocess.py:106} INFO - 26/05/09 13:56:54 INFO DAGScheduler: Submitting 1 missing tasks from ResultStage 1 (MapPartitionsRDD[9] at mapPartitionsWithIndex at CloudStorageOperations.scala:796) (first 15 tasks are for partitions Vector(0))
[2026-05-09T13:56:54.221+0000] {subprocess.py:106} INFO - 26/05/09 13:56:54 INFO YarnScheduler: Adding task set 1.0 with 1 tasks resource profile 0
[2026-05-09T13:56:54.253+0000] {subprocess.py:106} INFO - 26/05/09 13:56:54 INFO TaskSetManager: Starting task 0.0 in stage 1.0 (TID 1) (00a554289257, executor 1, partition 0, RACK_LOCAL, 8307 bytes)
[2026-05-09T13:56:54.460+0000] {subprocess.py:106} INFO - 26/05/09 13:56:54 INFO BlockManagerInfo: Added broadcast_2_piece0 in memory on 00a554289257:35005 (size: 17.1 KiB, free: 93.3 MiB)
[2026-05-09T13:57:03.987+0000] {subprocess.py:106} INFO - 26/05/09 13:57:03 ERROR Inbox: Ignoring error
[2026-05-09T13:57:03.989+0000] {subprocess.py:106} INFO - java.io.NotSerializableException: org.apache.spark.storage.StorageStatus
[2026-05-09T13:57:03.990+0000] {subprocess.py:106} INFO - Serialization stack:
[2026-05-09T13:57:03.991+0000] {subprocess.py:106} INFO - 	- object not serializable (class: org.apache.spark.storage.StorageStatus, value: org.apache.spark.storage.StorageStatus@5273385a)
[2026-05-09T13:57:03.992+0000] {subprocess.py:106} INFO - 	- element of array (index: 0)
[2026-05-09T13:57:03.993+0000] {subprocess.py:106} INFO - 	- array (class [Lorg.apache.spark.storage.StorageStatus;, size 3)
[2026-05-09T13:57:03.994+0000] {subprocess.py:106} INFO - 	at org.apache.spark.serializer.SerializationDebugger$.improveException(SerializationDebugger.scala:41)
[2026-05-09T13:57:03.994+0000] {subprocess.py:106} INFO - 	at org.apache.spark.serializer.JavaSerializationStream.writeObject(JavaSerializer.scala:49)
[2026-05-09T13:57:03.995+0000] {subprocess.py:106} INFO - 	at org.apache.spark.serializer.JavaSerializerInstance.serialize(JavaSerializer.scala:115)
[2026-05-09T13:57:03.996+0000] {subprocess.py:106} INFO - 	at org.apache.spark.rpc.netty.NettyRpcEnv.serialize(NettyRpcEnv.scala:286)
[2026-05-09T13:57:03.997+0000] {subprocess.py:106} INFO - 	at org.apache.spark.rpc.netty.RemoteNettyRpcCallContext.send(NettyRpcCallContext.scala:64)
[2026-05-09T13:57:03.998+0000] {subprocess.py:106} INFO - 	at org.apache.spark.rpc.netty.NettyRpcCallContext.reply(NettyRpcCallContext.scala:32)
[2026-05-09T13:57:03.999+0000] {subprocess.py:106} INFO - 	at org.apache.spark.storage.BlockManagerMasterEndpoint$$anonfun$receiveAndReply$1.applyOrElse(BlockManagerMasterEndpoint.scala:172)
[2026-05-09T13:57:03.999+0000] {subprocess.py:106} INFO - 	at org.apache.spark.rpc.netty.Inbox.$anonfun$process$1(Inbox.scala:103)
[2026-05-09T13:57:04.000+0000] {subprocess.py:106} INFO - 	at org.apache.spark.rpc.netty.Inbox.safelyCall(Inbox.scala:213)
[2026-05-09T13:57:04.000+0000] {subprocess.py:106} INFO - 	at org.apache.spark.rpc.netty.Inbox.process(Inbox.scala:100)
[2026-05-09T13:57:04.001+0000] {subprocess.py:106} INFO - 	at org.apache.spark.rpc.netty.MessageLoop.org$apache$spark$rpc$netty$MessageLoop$$receiveLoop(MessageLoop.scala:75)
[2026-05-09T13:57:04.002+0000] {subprocess.py:106} INFO - 	at org.apache.spark.rpc.netty.MessageLoop$$anon$1.run(MessageLoop.scala:41)
[2026-05-09T13:57:04.002+0000] {subprocess.py:106} INFO - 	at java.base/java.util.concurrent.ThreadPoolExecutor.runWorker(ThreadPoolExecutor.java:1136)
[2026-05-09T13:57:04.003+0000] {subprocess.py:106} INFO - 	at java.base/java.util.concurrent.ThreadPoolExecutor$Worker.run(ThreadPoolExecutor.java:635)
[2026-05-09T13:57:04.004+0000] {subprocess.py:106} INFO - 	at java.base/java.lang.Thread.run(Thread.java:833)
[2026-05-09T13:57:04.100+0000] {subprocess.py:106} INFO - 26/05/09 13:57:04 INFO BlockManagerInfo: Added broadcast_1_piece0 in memory on 00a554289257:35005 (size: 36.3 KiB, free: 93.2 MiB)
[2026-05-09T13:57:07.784+0000] {subprocess.py:106} INFO - 26/05/09 13:57:07 INFO TaskSetManager: Finished task 0.0 in stage 1.0 (TID 1) in 13542 ms on 00a554289257 (executor 1) (1/1)
[2026-05-09T13:57:07.786+0000] {subprocess.py:106} INFO - 26/05/09 13:57:07 INFO YarnScheduler: Removed TaskSet 1.0, whose tasks have all completed, from pool
[2026-05-09T13:57:07.787+0000] {subprocess.py:106} INFO - 26/05/09 13:57:07 INFO DAGScheduler: ResultStage 1 (collect at CloudStorageOperations.scala:813) finished in 13.600 s
[2026-05-09T13:57:07.787+0000] {subprocess.py:106} INFO - 26/05/09 13:57:07 INFO DAGScheduler: Job 1 is finished. Cancelling potential speculative or zombie tasks for this job
[2026-05-09T13:57:07.788+0000] {subprocess.py:106} INFO - 26/05/09 13:57:07 INFO YarnScheduler: Killing all running tasks in stage 1: Stage finished
[2026-05-09T13:57:07.789+0000] {subprocess.py:106} INFO - 26/05/09 13:57:07 INFO DAGScheduler: Job 1 finished: collect at CloudStorageOperations.scala:813, took 13.620728 s
[2026-05-09T13:57:07.792+0000] {subprocess.py:106} INFO - 26/05/09 13:57:07 INFO StageWriter$: writeToTableWithStagingTable: check table existence with "ECOMMERCE_DB"."GOLD_LAYER".DIM_DATE for DIM_DATE
[2026-05-09T13:57:07.793+0000] {subprocess.py:106} INFO - 26/05/09 13:57:07 INFO SnowflakeSQLStatement: Spark Connector Master: execute query with bind variable: desc table identifier(?)
[2026-05-09T13:57:07.930+0000] {subprocess.py:106} INFO - 26/05/09 13:57:07 INFO SnowflakeSQLStatement: Spark Connector Master: execute query with bind variable: create   table if not exists identifier(?) ("DATE_KEY" INTEGER ,"DATE" DATE ,"YEAR" INTEGER ,"MONTH" INTEGER ,"DAY" INTEGER ,"DAY_NAME" STRING ,"QUARTER" INTEGER ,"IS_WEEKEND" BOOLEAN )
[2026-05-09T13:57:08.178+0000] {subprocess.py:106} INFO - 26/05/09 13:57:08 INFO StageWriter$: Begin to write at 2026-05-09T13:57:08.176566415 (Coordinated Universal Time)
[2026-05-09T13:57:08.179+0000] {subprocess.py:106} INFO - 26/05/09 13:57:08 INFO StageWriter$: Total file count is 1, non-empty files count is 1, total file size is 85.31 KB, total row count is 1.78 KB.
[2026-05-09T13:57:08.186+0000] {subprocess.py:106} INFO - 26/05/09 13:57:08 INFO StageWriter$: Now executing below command to write into table:
[2026-05-09T13:57:08.188+0000] {subprocess.py:106} INFO - copy into DIM_DATE_staging_429946926 FROM @spark_connector_load_stage_t6LZqpTPAs/Bs7jpYTlWS/
[2026-05-09T13:57:08.188+0000] {subprocess.py:106} INFO - FILE_FORMAT = (
[2026-05-09T13:57:08.189+0000] {subprocess.py:106} INFO -     TYPE=CSV
[2026-05-09T13:57:08.190+0000] {subprocess.py:106} INFO -     FIELD_DELIMITER='|'
[2026-05-09T13:57:08.190+0000] {subprocess.py:106} INFO -     NULL_IF=()
[2026-05-09T13:57:08.191+0000] {subprocess.py:106} INFO -     FIELD_OPTIONALLY_ENCLOSED_BY='"'
[2026-05-09T13:57:08.191+0000] {subprocess.py:106} INFO -     TIMESTAMP_FORMAT='TZHTZM YYYY-MM-DD HH24:MI:SS.FF9'
[2026-05-09T13:57:08.192+0000] {subprocess.py:106} INFO -     DATE_FORMAT='TZHTZM YYYY-MM-DD HH24:MI:SS.FF9'
[2026-05-09T13:57:08.193+0000] {subprocess.py:106} INFO -     BINARY_FORMAT=BASE64
[2026-05-09T13:57:08.193+0000] {subprocess.py:106} INFO -   )
[2026-05-09T13:57:08.194+0000] {subprocess.py:106} INFO - 
[2026-05-09T13:57:08.194+0000] {subprocess.py:106} INFO - 26/05/09 13:57:08 INFO SnowflakeSQLStatement: Spark Connector Master: execute query with bind variable: copy into DIM_DATE_staging_429946926 FROM @spark_connector_load_stage_t6LZqpTPAs/Bs7jpYTlWS/
[2026-05-09T13:57:08.195+0000] {subprocess.py:106} INFO - FILE_FORMAT = (
[2026-05-09T13:57:08.195+0000] {subprocess.py:106} INFO -     TYPE=CSV
[2026-05-09T13:57:08.196+0000] {subprocess.py:106} INFO -     FIELD_DELIMITER='|'
[2026-05-09T13:57:08.197+0000] {subprocess.py:106} INFO -     NULL_IF=()
[2026-05-09T13:57:08.197+0000] {subprocess.py:106} INFO -     FIELD_OPTIONALLY_ENCLOSED_BY='"'
[2026-05-09T13:57:08.198+0000] {subprocess.py:106} INFO -     TIMESTAMP_FORMAT='TZHTZM YYYY-MM-DD HH24:MI:SS.FF9'
[2026-05-09T13:57:08.198+0000] {subprocess.py:106} INFO -     DATE_FORMAT='TZHTZM YYYY-MM-DD HH24:MI:SS.FF9'
[2026-05-09T13:57:08.199+0000] {subprocess.py:106} INFO -     BINARY_FORMAT=BASE64
[2026-05-09T13:57:08.199+0000] {subprocess.py:106} INFO -   )
[2026-05-09T13:57:08.200+0000] {subprocess.py:106} INFO - 
[2026-05-09T13:57:08.302+0000] {subprocess.py:106} INFO - 26/05/09 13:57:08 INFO SparkConnectorContext$: Spark connector register listener for: application_1778334521111_0005
[2026-05-09T13:57:08.305+0000] {subprocess.py:106} INFO - 26/05/09 13:57:08 INFO SparkConnectorContext$: Add running query for application_1778334521111_0005 session: 301291955998806 queryId: 01c44105-0000-d2b7-0001-120600076176
[2026-05-09T13:57:08.308+0000] {subprocess.py:106} INFO - 26/05/09 13:57:08 INFO StageWriter$: The query ID for async writing into table command is: 01c44105-0000-d2b7-0001-120600076176; The query ID URL is:
[2026-05-09T13:57:08.309+0000] {subprocess.py:106} INFO - https://yjmwqyd-am21544.snowflakecomputing.com/console#/monitoring/queries/detail?queryId=01c44105-0000-d2b7-0001-120600076176
[2026-05-09T13:57:13.420+0000] {subprocess.py:106} INFO - 26/05/09 13:57:13 INFO SparkConnectorContext$: Remove running query for application_1778334521111_0005 session: 301291955998806 queryId: 01c44105-0000-d2b7-0001-120600076176
[2026-05-09T13:57:13.421+0000] {subprocess.py:106} INFO - 26/05/09 13:57:13 INFO StageWriter$: First COPY command is done in 5.24 seconds at 2026-05-09T13:57:13.419175890, queryID is 01c44105-0000-d2b7-0001-120600076176
[2026-05-09T13:57:13.437+0000] {subprocess.py:106} INFO - 26/05/09 13:57:13 INFO StageWriter$: Succeed to write in 5.26 seconds at 2026-05-09T13:57:13.435080912
[2026-05-09T13:57:13.443+0000] {subprocess.py:106} INFO - 26/05/09 13:57:13 INFO SnowflakeSQLStatement: Spark Connector Master: execute query with bind variable: alter table identifier(?) swap with identifier(?)
[2026-05-09T13:57:13.639+0000] {subprocess.py:106} INFO - 26/05/09 13:57:13 INFO SnowflakeSQLStatement: Spark Connector Master: execute query with bind variable: drop table identifier(?)
[2026-05-09T13:57:14.505+0000] {subprocess.py:106} INFO - 26/05/09 13:57:14 INFO StageWriter$: Spark Connector Master: Total job time is 21.01 seconds including read & upload time: 14.30 seconds and COPY time: 6.71 seconds.
[2026-05-09T13:57:14.506+0000] {subprocess.py:106} INFO - 26/05/09 13:57:14 WARN SnowflakeConnectorUtils$: Query pushdown is not supported because you are using Spark 3.5.0 with a connector designed to support Spark 3.3. Either use the version of Spark supported by the connector or install a version of the connector that supports your version of Spark.
[2026-05-09T13:57:14.511+0000] {subprocess.py:106} INFO - 26/05/09 13:57:14 INFO ServerConnection$: Create ServerConnection with cached JDBC connection: 301291955998806
[2026-05-09T13:57:14.516+0000] {subprocess.py:106} INFO - 26/05/09 13:57:14 INFO SnowflakeSQLStatement: Spark Connector Master: execute query with bind variable: select * from DIM_DATE where 1 = 0
[2026-05-09T13:57:14.767+0000] {subprocess.py:106} INFO - ✅ dim_date loaded successfully!
[2026-05-09T13:57:14.768+0000] {subprocess.py:106} INFO - 📤 Loading dim_customer to Snowflake...
[2026-05-09T13:57:14.793+0000] {subprocess.py:106} INFO - 26/05/09 13:57:14 INFO InMemoryFileIndex: It took 2 ms to list leaf files for 1 paths.
[2026-05-09T13:57:14.834+0000] {subprocess.py:106} INFO - 26/05/09 13:57:14 INFO SparkContext: Starting job: parquet at NativeMethodAccessorImpl.java:0
[2026-05-09T13:57:14.836+0000] {subprocess.py:106} INFO - 26/05/09 13:57:14 INFO DAGScheduler: Got job 2 (parquet at NativeMethodAccessorImpl.java:0) with 1 output partitions
[2026-05-09T13:57:14.837+0000] {subprocess.py:106} INFO - 26/05/09 13:57:14 INFO DAGScheduler: Final stage: ResultStage 2 (parquet at NativeMethodAccessorImpl.java:0)
[2026-05-09T13:57:14.838+0000] {subprocess.py:106} INFO - 26/05/09 13:57:14 INFO DAGScheduler: Parents of final stage: List()
[2026-05-09T13:57:14.839+0000] {subprocess.py:106} INFO - 26/05/09 13:57:14 INFO DAGScheduler: Missing parents: List()
[2026-05-09T13:57:14.839+0000] {subprocess.py:106} INFO - 26/05/09 13:57:14 INFO DAGScheduler: Submitting ResultStage 2 (MapPartitionsRDD[11] at parquet at NativeMethodAccessorImpl.java:0), which has no missing parents
[2026-05-09T13:57:14.849+0000] {subprocess.py:106} INFO - 26/05/09 13:57:14 INFO MemoryStore: Block broadcast_3 stored as values in memory (estimated size 105.0 KiB, free 434.0 MiB)
[2026-05-09T13:57:14.859+0000] {subprocess.py:106} INFO - 26/05/09 13:57:14 INFO MemoryStore: Block broadcast_3_piece0 stored as bytes in memory (estimated size 38.2 KiB, free 434.0 MiB)
[2026-05-09T13:57:14.861+0000] {subprocess.py:106} INFO - 26/05/09 13:57:14 INFO BlockManagerInfo: Added broadcast_3_piece0 in memory on 172.30.1.13:44707 (size: 38.2 KiB, free: 434.3 MiB)
[2026-05-09T13:57:14.862+0000] {subprocess.py:106} INFO - 26/05/09 13:57:14 INFO BlockManagerInfo: Removed broadcast_2_piece0 on 172.30.1.13:44707 in memory (size: 17.1 KiB, free: 434.3 MiB)
[2026-05-09T13:57:14.868+0000] {subprocess.py:106} INFO - 26/05/09 13:57:14 INFO SparkContext: Created broadcast 3 from broadcast at DAGScheduler.scala:1580
[2026-05-09T13:57:14.874+0000] {subprocess.py:106} INFO - 26/05/09 13:57:14 INFO DAGScheduler: Submitting 1 missing tasks from ResultStage 2 (MapPartitionsRDD[11] at parquet at NativeMethodAccessorImpl.java:0) (first 15 tasks are for partitions Vector(0))
[2026-05-09T13:57:14.876+0000] {subprocess.py:106} INFO - 26/05/09 13:57:14 INFO YarnScheduler: Adding task set 2.0 with 1 tasks resource profile 0
[2026-05-09T13:57:14.881+0000] {subprocess.py:106} INFO - 26/05/09 13:57:14 INFO BlockManagerInfo: Removed broadcast_2_piece0 on 00a554289257:35005 in memory (size: 17.1 KiB, free: 93.3 MiB)
[2026-05-09T13:57:14.884+0000] {subprocess.py:106} INFO - 26/05/09 13:57:14 INFO TaskSetManager: Starting task 0.0 in stage 2.0 (TID 2) (00a554289257, executor 1, partition 0, PROCESS_LOCAL, 7618 bytes)
[2026-05-09T13:57:14.911+0000] {subprocess.py:106} INFO - 26/05/09 13:57:14 INFO BlockManagerInfo: Added broadcast_3_piece0 in memory on 00a554289257:35005 (size: 38.2 KiB, free: 93.2 MiB)
[2026-05-09T13:57:14.916+0000] {subprocess.py:106} INFO - 26/05/09 13:57:14 INFO BlockManagerInfo: Removed broadcast_1_piece0 on 172.30.1.13:44707 in memory (size: 36.3 KiB, free: 434.4 MiB)
[2026-05-09T13:57:14.925+0000] {subprocess.py:106} INFO - 26/05/09 13:57:14 INFO BlockManagerInfo: Removed broadcast_1_piece0 on 00a554289257:35005 in memory (size: 36.3 KiB, free: 93.3 MiB)
[2026-05-09T13:57:14.948+0000] {subprocess.py:106} INFO - 26/05/09 13:57:14 INFO TaskSetManager: Finished task 0.0 in stage 2.0 (TID 2) in 79 ms on 00a554289257 (executor 1) (1/1)
[2026-05-09T13:57:14.949+0000] {subprocess.py:106} INFO - 26/05/09 13:57:14 INFO YarnScheduler: Removed TaskSet 2.0, whose tasks have all completed, from pool
[2026-05-09T13:57:14.950+0000] {subprocess.py:106} INFO - 26/05/09 13:57:14 INFO DAGScheduler: ResultStage 2 (parquet at NativeMethodAccessorImpl.java:0) finished in 0.110 s
[2026-05-09T13:57:14.950+0000] {subprocess.py:106} INFO - 26/05/09 13:57:14 INFO DAGScheduler: Job 2 is finished. Cancelling potential speculative or zombie tasks for this job
[2026-05-09T13:57:14.951+0000] {subprocess.py:106} INFO - 26/05/09 13:57:14 INFO YarnScheduler: Killing all running tasks in stage 2: Stage finished
[2026-05-09T13:57:14.956+0000] {subprocess.py:106} INFO - 26/05/09 13:57:14 INFO DAGScheduler: Job 2 finished: parquet at NativeMethodAccessorImpl.java:0, took 0.119994 s
[2026-05-09T13:57:15.133+0000] {subprocess.py:106} INFO - ❌ Error: [UNABLE_TO_INFER_SCHEMA] Unable to infer schema for Parquet. It must be specified manually.
[2026-05-09T13:57:15.134+0000] {subprocess.py:106} INFO - 26/05/09 13:57:15 INFO SparkContext: SparkContext is stopping with exitCode 0.
[2026-05-09T13:57:15.135+0000] {subprocess.py:106} INFO - 26/05/09 13:57:15 WARN SparkConnectorContext$: Finish cancelling all queries for application_1778334521111_0005
[2026-05-09T13:57:15.136+0000] {subprocess.py:106} INFO - 26/05/09 13:57:15 INFO ServerConnection$: Close all 1 cached connection.
[2026-05-09T13:57:15.154+0000] {subprocess.py:106} INFO - 26/05/09 13:57:15 INFO SparkUI: Stopped Spark web UI at http://172.30.1.13:4040
[2026-05-09T13:57:15.162+0000] {subprocess.py:106} INFO - 26/05/09 13:57:15 INFO YarnClientSchedulerBackend: Interrupting monitor thread
[2026-05-09T13:57:15.190+0000] {subprocess.py:106} INFO - 26/05/09 13:57:15 INFO YarnClientSchedulerBackend: Shutting down all executors
[2026-05-09T13:57:15.191+0000] {subprocess.py:106} INFO - 26/05/09 13:57:15 INFO YarnSchedulerBackend$YarnDriverEndpoint: Asking each executor to shut down
[2026-05-09T13:57:15.199+0000] {subprocess.py:106} INFO - 26/05/09 13:57:15 INFO YarnClientSchedulerBackend: YARN client scheduler backend Stopped
[2026-05-09T13:57:15.531+0000] {subprocess.py:106} INFO - 26/05/09 13:57:15 INFO MapOutputTrackerMasterEndpoint: MapOutputTrackerMasterEndpoint stopped!
[2026-05-09T13:57:15.554+0000] {subprocess.py:106} INFO - 26/05/09 13:57:15 INFO MemoryStore: MemoryStore cleared
[2026-05-09T13:57:15.555+0000] {subprocess.py:106} INFO - 26/05/09 13:57:15 INFO BlockManager: BlockManager stopped
[2026-05-09T13:57:15.563+0000] {subprocess.py:106} INFO - 26/05/09 13:57:15 INFO BlockManagerMaster: BlockManagerMaster stopped
[2026-05-09T13:57:15.568+0000] {subprocess.py:106} INFO - 26/05/09 13:57:15 INFO OutputCommitCoordinator$OutputCommitCoordinatorEndpoint: OutputCommitCoordinator stopped!
[2026-05-09T13:57:15.584+0000] {subprocess.py:106} INFO - 26/05/09 13:57:15 INFO SparkContext: Successfully stopped SparkContext
[2026-05-09T13:57:15.827+0000] {subprocess.py:106} INFO - 🛑 Spark Stopped.
[2026-05-09T13:57:15.828+0000] {subprocess.py:106} INFO - Traceback (most recent call last):
[2026-05-09T13:57:15.830+0000] {subprocess.py:106} INFO -   File "/tmp/l.py", line 54, in <module>
[2026-05-09T13:57:15.830+0000] {subprocess.py:106} INFO -     raise e
[2026-05-09T13:57:15.831+0000] {subprocess.py:106} INFO -   File "/tmp/l.py", line 45, in <module>
[2026-05-09T13:57:15.832+0000] {subprocess.py:106} INFO -     load_to_snowflake("dim_customer", mode="overwrite")
[2026-05-09T13:57:15.833+0000] {subprocess.py:106} INFO -   File "/tmp/l.py", line 34, in load_to_snowflake
[2026-05-09T13:57:15.833+0000] {subprocess.py:106} INFO -     df = spark.read.parquet(f"{GOLD}/{table_name}")
[2026-05-09T13:57:15.834+0000] {subprocess.py:106} INFO -          ^^^^^^^^^^^^^^^^^^^^^^^^^^^^^^^^^^^^^^^^^^
[2026-05-09T13:57:15.834+0000] {subprocess.py:106} INFO -   File "/usr/local/spark/python/lib/pyspark.zip/pyspark/sql/readwriter.py", line 544, in parquet
[2026-05-09T13:57:15.836+0000] {subprocess.py:106} INFO -   File "/usr/local/spark/python/lib/py4j-0.10.9.7-src.zip/py4j/java_gateway.py", line 1322, in __call__
[2026-05-09T13:57:15.838+0000] {subprocess.py:106} INFO -   File "/usr/local/spark/python/lib/pyspark.zip/pyspark/errors/exceptions/captured.py", line 185, in deco
[2026-05-09T13:57:15.838+0000] {subprocess.py:106} INFO - pyspark.errors.exceptions.captured.AnalysisException: [UNABLE_TO_INFER_SCHEMA] Unable to infer schema for Parquet. It must be specified manually.
[2026-05-09T13:57:16.053+0000] {subprocess.py:106} INFO - 26/05/09 13:57:16 INFO ShutdownHookManager: Shutdown hook called
[2026-05-09T13:57:16.054+0000] {subprocess.py:106} INFO - 26/05/09 13:57:16 INFO ShutdownHookManager: Deleting directory /tmp/spark-025626db-fa29-4cb6-9aac-3d699d857d8c
[2026-05-09T13:57:16.063+0000] {subprocess.py:106} INFO - 26/05/09 13:57:16 INFO ShutdownHookManager: Deleting directory /tmp/spark-025626db-fa29-4cb6-9aac-3d699d857d8c/pyspark-a63eb70c-9d0f-4f52-ab03-d0fc8c3828fa
[2026-05-09T13:57:16.071+0000] {subprocess.py:106} INFO - 26/05/09 13:57:16 INFO ShutdownHookManager: Deleting directory /tmp/spark-ce94b723-3df6-48e9-802c-c3baaf633951
[2026-05-09T13:57:16.402+0000] {subprocess.py:110} INFO - Command exited with return code 1
[2026-05-09T13:57:16.430+0000] {taskinstance.py:3311} ERROR - Task failed with exception
Traceback (most recent call last):
  File "/home/airflow/.local/lib/python3.12/site-packages/airflow/models/taskinstance.py", line 767, in _execute_task
    result = _execute_callable(context=context, **execute_callable_kwargs)
             ^^^^^^^^^^^^^^^^^^^^^^^^^^^^^^^^^^^^^^^^^^^^^^^^^^^^^^^^^^^^^
  File "/home/airflow/.local/lib/python3.12/site-packages/airflow/models/taskinstance.py", line 733, in _execute_callable
    return ExecutionCallableRunner(
           ^^^^^^^^^^^^^^^^^^^^^^^^
  File "/home/airflow/.local/lib/python3.12/site-packages/airflow/utils/operator_helpers.py", line 252, in run
    return self.func(*args, **kwargs)
           ^^^^^^^^^^^^^^^^^^^^^^^^^^
  File "/home/airflow/.local/lib/python3.12/site-packages/airflow/models/baseoperator.py", line 422, in wrapper
    return func(self, *args, **kwargs)
           ^^^^^^^^^^^^^^^^^^^^^^^^^^^
  File "/home/airflow/.local/lib/python3.12/site-packages/airflow/operators/bash.py", line 276, in execute
    raise AirflowException(
airflow.exceptions.AirflowException: Bash command failed. The command returned a non-zero exit code 1.
[2026-05-09T13:57:16.450+0000] {taskinstance.py:1225} INFO - Marking task as UP_FOR_RETRY. dag_id=ecommerce_etl_pipeline, task_id=load, run_id=manual__2026-05-09T13:49:11.303018+00:00, execution_date=20260509T134911, start_date=20260509T135554, end_date=20260509T135716
[2026-05-09T13:57:16.498+0000] {taskinstance.py:340} INFO - ::group::Post task execution logs
[2026-05-09T13:57:16.499+0000] {standard_task_runner.py:124} ERROR - Failed to execute job 21 for task load (Bash command failed. The command returned a non-zero exit code 1.; 778)
Traceback (most recent call last):
  File "/home/airflow/.local/lib/python3.12/site-packages/airflow/task/task_runner/standard_task_runner.py", line 117, in _start_by_fork
    ret = args.func(args, dag=self.dag)
          ^^^^^^^^^^^^^^^^^^^^^^^^^^^^^
  File "/home/airflow/.local/lib/python3.12/site-packages/airflow/cli/cli_config.py", line 49, in command
    return func(*args, **kwargs)
           ^^^^^^^^^^^^^^^^^^^^^
  File "/home/airflow/.local/lib/python3.12/site-packages/airflow/utils/cli.py", line 116, in wrapper
    return f(*args, **kwargs)
           ^^^^^^^^^^^^^^^^^^
  File "/home/airflow/.local/lib/python3.12/site-packages/airflow/cli/commands/task_command.py", line 483, in task_run
    task_return_code = _run_task_by_selected_method(args, _dag, ti)
                       ^^^^^^^^^^^^^^^^^^^^^^^^^^^^^^^^^^^^^^^^^^^^
  File "/home/airflow/.local/lib/python3.12/site-packages/airflow/cli/commands/task_command.py", line 256, in _run_task_by_selected_method
    return _run_raw_task(args, ti)
           ^^^^^^^^^^^^^^^^^^^^^^^
  File "/home/airflow/.local/lib/python3.12/site-packages/airflow/cli/commands/task_command.py", line 341, in _run_raw_task
    return ti._run_raw_task(
           ^^^^^^^^^^^^^^^^^
  File "/home/airflow/.local/lib/python3.12/site-packages/airflow/utils/session.py", line 97, in wrapper
    return func(*args, session=session, **kwargs)
           ^^^^^^^^^^^^^^^^^^^^^^^^^^^^^^^^^^^^^^
  File "/home/airflow/.local/lib/python3.12/site-packages/airflow/models/taskinstance.py", line 3005, in _run_raw_task
    return _run_raw_task(
           ^^^^^^^^^^^^^^
  File "/home/airflow/.local/lib/python3.12/site-packages/airflow/models/taskinstance.py", line 273, in _run_raw_task
    TaskInstance._execute_task_with_callbacks(
  File "/home/airflow/.local/lib/python3.12/site-packages/airflow/models/taskinstance.py", line 3159, in _execute_task_with_callbacks
    result = self._execute_task(context, task_orig)
             ^^^^^^^^^^^^^^^^^^^^^^^^^^^^^^^^^^^^^^
  File "/home/airflow/.local/lib/python3.12/site-packages/airflow/models/taskinstance.py", line 3183, in _execute_task
    return _execute_task(self, context, task_orig)
           ^^^^^^^^^^^^^^^^^^^^^^^^^^^^^^^^^^^^^^^
  File "/home/airflow/.local/lib/python3.12/site-packages/airflow/models/taskinstance.py", line 767, in _execute_task
    result = _execute_callable(context=context, **execute_callable_kwargs)
             ^^^^^^^^^^^^^^^^^^^^^^^^^^^^^^^^^^^^^^^^^^^^^^^^^^^^^^^^^^^^^
  File "/home/airflow/.local/lib/python3.12/site-packages/airflow/models/taskinstance.py", line 733, in _execute_callable
    return ExecutionCallableRunner(
           ^^^^^^^^^^^^^^^^^^^^^^^^
  File "/home/airflow/.local/lib/python3.12/site-packages/airflow/utils/operator_helpers.py", line 252, in run
    return self.func(*args, **kwargs)
           ^^^^^^^^^^^^^^^^^^^^^^^^^^
  File "/home/airflow/.local/lib/python3.12/site-packages/airflow/models/baseoperator.py", line 422, in wrapper
    return func(self, *args, **kwargs)
           ^^^^^^^^^^^^^^^^^^^^^^^^^^^
  File "/home/airflow/.local/lib/python3.12/site-packages/airflow/operators/bash.py", line 276, in execute
    raise AirflowException(
airflow.exceptions.AirflowException: Bash command failed. The command returned a non-zero exit code 1.
[2026-05-09T13:57:16.546+0000] {local_task_job_runner.py:266} INFO - Task exited with return code 1
[2026-05-09T13:57:16.577+0000] {taskinstance.py:3895} INFO - 0 downstream tasks scheduled from follow-on schedule check
[2026-05-09T13:57:16.580+0000] {local_task_job_runner.py:245} INFO - ::endgroup::
