[2026-05-05T06:41:07.956+0000] {manager.py:483} INFO - Processing files using up to 2 processes at a time 
[2026-05-05T06:41:07.957+0000] {manager.py:484} INFO - Process each file at most once every 30 seconds
[2026-05-05T06:41:07.959+0000] {manager.py:485} INFO - Checking for new files in /opt/airflow/dags every 300 seconds
[2026-05-05T06:41:07.959+0000] {manager.py:821} INFO - Searching for files in /opt/airflow/dags
[2026-05-05T06:41:07.965+0000] {manager.py:824} INFO - There are 0 files in /opt/airflow/dags
[2026-05-05T06:46:08.864+0000] {manager.py:821} INFO - Searching for files in /opt/airflow/dags
[2026-05-05T06:46:08.869+0000] {manager.py:824} INFO - There are 0 files in /opt/airflow/dags
[2026-05-05T06:51:09.712+0000] {manager.py:821} INFO - Searching for files in /opt/airflow/dags
[2026-05-05T06:51:09.717+0000] {manager.py:824} INFO - There are 0 files in /opt/airflow/dags
[2026-05-05T06:56:10.591+0000] {manager.py:821} INFO - Searching for files in /opt/airflow/dags
[2026-05-05T06:56:10.595+0000] {manager.py:824} INFO - There are 0 files in /opt/airflow/dags
[2026-05-05T07:01:11.469+0000] {manager.py:821} INFO - Searching for files in /opt/airflow/dags
[2026-05-05T07:01:11.473+0000] {manager.py:824} INFO - There are 0 files in /opt/airflow/dags
[2026-05-05T07:06:11.508+0000] {manager.py:821} INFO - Searching for files in /opt/airflow/dags
[2026-05-05T07:06:11.514+0000] {manager.py:824} INFO - There are 0 files in /opt/airflow/dags
[2026-05-05T07:11:11.587+0000] {manager.py:821} INFO - Searching for files in /opt/airflow/dags
[2026-05-05T07:11:11.590+0000] {manager.py:824} INFO - There are 0 files in /opt/airflow/dags
[2026-05-05T07:16:11.650+0000] {manager.py:821} INFO - Searching for files in /opt/airflow/dags
[2026-05-05T07:16:11.655+0000] {manager.py:824} INFO - There are 0 files in /opt/airflow/dags
[2026-05-05T07:21:12.563+0000] {manager.py:821} INFO - Searching for files in /opt/airflow/dags
[2026-05-05T07:21:12.567+0000] {manager.py:824} INFO - There are 0 files in /opt/airflow/dags
[2026-05-05T07:26:13.401+0000] {manager.py:821} INFO - Searching for files in /opt/airflow/dags
[2026-05-05T07:26:13.406+0000] {manager.py:824} INFO - There are 0 files in /opt/airflow/dags
[2026-05-05T07:31:14.220+0000] {manager.py:821} INFO - Searching for files in /opt/airflow/dags
[2026-05-05T07:31:14.227+0000] {manager.py:824} INFO - There are 0 files in /opt/airflow/dags
[2026-05-05T07:36:15.095+0000] {manager.py:821} INFO - Searching for files in /opt/airflow/dags
[2026-05-05T07:36:15.102+0000] {manager.py:824} INFO - There are 0 files in /opt/airflow/dags
[2026-05-05T07:41:16.011+0000] {manager.py:821} INFO - Searching for files in /opt/airflow/dags
[2026-05-05T07:41:16.016+0000] {manager.py:824} INFO - There are 0 files in /opt/airflow/dags
[2026-05-05T07:46:16.928+0000] {manager.py:821} INFO - Searching for files in /opt/airflow/dags
[2026-05-05T07:46:16.934+0000] {manager.py:824} INFO - There are 0 files in /opt/airflow/dags
[2026-05-05T07:51:17.813+0000] {manager.py:821} INFO - Searching for files in /opt/airflow/dags
[2026-05-05T07:51:17.819+0000] {manager.py:824} INFO - There are 0 files in /opt/airflow/dags
[2026-05-05T07:56:18.678+0000] {manager.py:821} INFO - Searching for files in /opt/airflow/dags
[2026-05-05T07:56:18.683+0000] {manager.py:824} INFO - There are 0 files in /opt/airflow/dags
[2026-05-05T08:01:19.595+0000] {manager.py:821} INFO - Searching for files in /opt/airflow/dags
[2026-05-05T08:01:19.600+0000] {manager.py:824} INFO - There are 0 files in /opt/airflow/dags
[2026-05-05T08:06:20.470+0000] {manager.py:821} INFO - Searching for files in /opt/airflow/dags
[2026-05-05T08:06:20.474+0000] {manager.py:824} INFO - There are 0 files in /opt/airflow/dags
[2026-05-05T08:11:21.318+0000] {manager.py:821} INFO - Searching for files in /opt/airflow/dags
[2026-05-05T08:11:21.323+0000] {manager.py:824} INFO - There are 0 files in /opt/airflow/dags
[2026-05-05T08:16:22.150+0000] {manager.py:821} INFO - Searching for files in /opt/airflow/dags
[2026-05-05T08:16:22.158+0000] {manager.py:824} INFO - There are 0 files in /opt/airflow/dags
[2026-05-05T08:21:22.997+0000] {manager.py:821} INFO - Searching for files in /opt/airflow/dags
[2026-05-05T08:21:23.002+0000] {manager.py:824} INFO - There are 0 files in /opt/airflow/dags
[2026-05-05T08:26:23.903+0000] {manager.py:821} INFO - Searching for files in /opt/airflow/dags
[2026-05-05T08:26:23.907+0000] {manager.py:824} INFO - There are 0 files in /opt/airflow/dags
[2026-05-05T08:31:24.745+0000] {manager.py:821} INFO - Searching for files in /opt/airflow/dags
[2026-05-05T08:31:24.751+0000] {manager.py:824} INFO - There are 0 files in /opt/airflow/dags
[2026-05-05T08:36:25.564+0000] {manager.py:821} INFO - Searching for files in /opt/airflow/dags
[2026-05-05T08:36:25.569+0000] {manager.py:824} INFO - There are 0 files in /opt/airflow/dags
[2026-05-06T04:55:05.812+0000] {manager.py:483} INFO - Processing files using up to 2 processes at a time 
[2026-05-06T04:55:05.813+0000] {manager.py:484} INFO - Process each file at most once every 30 seconds
[2026-05-06T04:55:05.814+0000] {manager.py:485} INFO - Checking for new files in /opt/airflow/dags every 300 seconds
[2026-05-06T04:55:05.815+0000] {manager.py:821} INFO - Searching for files in /opt/airflow/dags
[2026-05-06T04:55:05.820+0000] {manager.py:824} INFO - There are 0 files in /opt/airflow/dags
[2026-05-06T05:00:06.730+0000] {manager.py:821} INFO - Searching for files in /opt/airflow/dags
[2026-05-06T05:00:06.773+0000] {manager.py:824} INFO - There are 0 files in /opt/airflow/dags
[2026-05-06T05:05:07.570+0000] {manager.py:821} INFO - Searching for files in /opt/airflow/dags
[2026-05-06T05:05:07.606+0000] {manager.py:824} INFO - There are 0 files in /opt/airflow/dags
[2026-05-06T05:10:08.496+0000] {manager.py:821} INFO - Searching for files in /opt/airflow/dags
[2026-05-06T05:10:08.506+0000] {manager.py:824} INFO - There are 0 files in /opt/airflow/dags
[2026-05-06T05:15:09.333+0000] {manager.py:821} INFO - Searching for files in /opt/airflow/dags
[2026-05-06T05:15:09.344+0000] {manager.py:824} INFO - There are 0 files in /opt/airflow/dags
[2026-05-06T05:20:10.113+0000] {manager.py:821} INFO - Searching for files in /opt/airflow/dags
[2026-05-06T05:20:10.119+0000] {manager.py:824} INFO - There are 0 files in /opt/airflow/dags
[2026-05-06T05:25:11.002+0000] {manager.py:821} INFO - Searching for files in /opt/airflow/dags
[2026-05-06T05:25:11.007+0000] {manager.py:824} INFO - There are 0 files in /opt/airflow/dags
[2026-05-06T05:30:11.797+0000] {manager.py:821} INFO - Searching for files in /opt/airflow/dags
[2026-05-06T05:30:11.803+0000] {manager.py:824} INFO - There are 0 files in /opt/airflow/dags
[2026-05-06T05:36:55.149+0000] {manager.py:821} INFO - Searching for files in /opt/airflow/dags
[2026-05-06T05:36:55.547+0000] {manager.py:824} INFO - There are 0 files in /opt/airflow/dags
[2026-05-06T05:41:55.626+0000] {manager.py:821} INFO - Searching for files in /opt/airflow/dags
[2026-05-06T05:41:55.630+0000] {manager.py:824} INFO - There are 0 files in /opt/airflow/dags
[2026-05-06T05:46:56.462+0000] {manager.py:821} INFO - Searching for files in /opt/airflow/dags
[2026-05-06T05:46:56.481+0000] {manager.py:824} INFO - There are 0 files in /opt/airflow/dags
[2026-05-06T05:51:57.277+0000] {manager.py:821} INFO - Searching for files in /opt/airflow/dags
[2026-05-06T05:51:57.282+0000] {manager.py:824} INFO - There are 0 files in /opt/airflow/dags
[2026-05-06T05:56:58.080+0000] {manager.py:821} INFO - Searching for files in /opt/airflow/dags
[2026-05-06T05:56:58.086+0000] {manager.py:824} INFO - There are 0 files in /opt/airflow/dags
[2026-05-06T06:01:58.863+0000] {manager.py:821} INFO - Searching for files in /opt/airflow/dags
[2026-05-06T06:01:58.870+0000] {manager.py:824} INFO - There are 0 files in /opt/airflow/dags
[2026-05-07T09:40:52.276+0000] {manager.py:483} INFO - Processing files using up to 2 processes at a time 
[2026-05-07T09:40:52.277+0000] {manager.py:484} INFO - Process each file at most once every 30 seconds
[2026-05-07T09:40:52.278+0000] {manager.py:485} INFO - Checking for new files in /opt/airflow/dags every 300 seconds
[2026-05-07T09:40:52.278+0000] {manager.py:821} INFO - Searching for files in /opt/airflow/dags
[2026-05-07T09:40:52.282+0000] {manager.py:824} INFO - There are 0 files in /opt/airflow/dags
[2026-05-07T09:45:53.129+0000] {manager.py:821} INFO - Searching for files in /opt/airflow/dags
[2026-05-07T09:45:53.134+0000] {manager.py:824} INFO - There are 0 files in /opt/airflow/dags
[2026-05-07T09:46:03.549+0000] {manager.py:465} INFO - Exiting gracefully upon receiving signal 15
[2026-05-07T09:47:45.948+0000] {manager.py:483} INFO - Processing files using up to 2 processes at a time 
[2026-05-07T09:47:45.949+0000] {manager.py:484} INFO - Process each file at most once every 30 seconds
[2026-05-07T09:47:45.950+0000] {manager.py:485} INFO - Checking for new files in /opt/airflow/dags every 300 seconds
[2026-05-07T09:47:45.950+0000] {manager.py:821} INFO - Searching for files in /opt/airflow/dags
[2026-05-07T09:47:45.955+0000] {manager.py:824} INFO - There are 0 files in /opt/airflow/dags
[2026-05-07T09:52:46.778+0000] {manager.py:821} INFO - Searching for files in /opt/airflow/dags
[2026-05-07T09:52:46.783+0000] {manager.py:824} INFO - There are 0 files in /opt/airflow/dags
[2026-05-07T09:57:47.570+0000] {manager.py:821} INFO - Searching for files in /opt/airflow/dags
[2026-05-07T09:57:47.580+0000] {manager.py:824} INFO - There are 0 files in /opt/airflow/dags
[2026-05-07T10:02:48.412+0000] {manager.py:821} INFO - Searching for files in /opt/airflow/dags
[2026-05-07T10:02:48.417+0000] {manager.py:824} INFO - There are 0 files in /opt/airflow/dags
[2026-05-09T13:38:23.904+0000] {manager.py:483} INFO - Processing files using up to 2 processes at a time 
[2026-05-09T13:38:23.905+0000] {manager.py:484} INFO - Process each file at most once every 30 seconds
[2026-05-09T13:38:23.906+0000] {manager.py:485} INFO - Checking for new files in /opt/airflow/dags every 300 seconds
[2026-05-09T13:38:23.906+0000] {manager.py:821} INFO - Searching for files in /opt/airflow/dags
[2026-05-09T13:38:23.920+0000] {manager.py:824} INFO - There are 1 files in /opt/airflow/dags
[2026-05-09T13:38:26.674+0000] {manager.py:997} INFO - 
================================================================================
DAG File Processing Stats

File Path                               PID    Runtime      # DAGs    # Errors  Last Runtime    Last Run               Last # of DB Queries
--------------------------------------  -----  ---------  --------  ----------  --------------  -------------------  ----------------------
/opt/airflow/dags/ecommerce_etl_dag.py                           1           0  0.67s           2026-05-09T13:38:24                      45
================================================================================
[2026-05-09T13:38:57.027+0000] {manager.py:997} INFO - 
================================================================================
DAG File Processing Stats

File Path                               PID    Runtime      # DAGs    # Errors  Last Runtime    Last Run               Last # of DB Queries
--------------------------------------  -----  ---------  --------  ----------  --------------  -------------------  ----------------------
/opt/airflow/dags/ecommerce_etl_dag.py                           1           0  0.20s           2026-05-09T13:38:55                      12
================================================================================
[2026-05-09T13:39:27.431+0000] {manager.py:997} INFO - 
================================================================================
DAG File Processing Stats

File Path                               PID    Runtime      # DAGs    # Errors  Last Runtime    Last Run               Last # of DB Queries
--------------------------------------  -----  ---------  --------  ----------  --------------  -------------------  ----------------------
/opt/airflow/dags/ecommerce_etl_dag.py                           1           0  0.19s           2026-05-09T13:39:25                      12
================================================================================
[2026-05-09T13:39:57.683+0000] {manager.py:997} INFO - 
================================================================================
DAG File Processing Stats

File Path                               PID    Runtime      # DAGs    # Errors  Last Runtime    Last Run               Last # of DB Queries
--------------------------------------  -----  ---------  --------  ----------  --------------  -------------------  ----------------------
/opt/airflow/dags/ecommerce_etl_dag.py                           1           0  0.18s           2026-05-09T13:39:55                      12
================================================================================
[2026-05-09T13:40:28.047+0000] {manager.py:997} INFO - 
================================================================================
DAG File Processing Stats

File Path                               PID    Runtime      # DAGs    # Errors  Last Runtime    Last Run               Last # of DB Queries
--------------------------------------  -----  ---------  --------  ----------  --------------  -------------------  ----------------------
/opt/airflow/dags/ecommerce_etl_dag.py                           1           0  0.18s           2026-05-09T13:40:26                      12
================================================================================
[2026-05-09T13:40:58.297+0000] {manager.py:997} INFO - 
================================================================================
DAG File Processing Stats

File Path                               PID    Runtime      # DAGs    # Errors  Last Runtime    Last Run               Last # of DB Queries
--------------------------------------  -----  ---------  --------  ----------  --------------  -------------------  ----------------------
/opt/airflow/dags/ecommerce_etl_dag.py                           1           0  0.20s           2026-05-09T13:40:56                      12
================================================================================
[2026-05-09T13:41:28.681+0000] {manager.py:997} INFO - 
================================================================================
DAG File Processing Stats

File Path                               PID    Runtime      # DAGs    # Errors  Last Runtime    Last Run               Last # of DB Queries
--------------------------------------  -----  ---------  --------  ----------  --------------  -------------------  ----------------------
/opt/airflow/dags/ecommerce_etl_dag.py                           1           0  0.20s           2026-05-09T13:41:26                      12
================================================================================
[2026-05-09T13:41:58.961+0000] {manager.py:997} INFO - 
================================================================================
DAG File Processing Stats

File Path                               PID    Runtime      # DAGs    # Errors  Last Runtime    Last Run               Last # of DB Queries
--------------------------------------  -----  ---------  --------  ----------  --------------  -------------------  ----------------------
/opt/airflow/dags/ecommerce_etl_dag.py                           1           0  0.20s           2026-05-09T13:41:57                      12
================================================================================
[2026-05-09T13:42:29.365+0000] {manager.py:997} INFO - 
================================================================================
DAG File Processing Stats

File Path                               PID    Runtime      # DAGs    # Errors  Last Runtime    Last Run               Last # of DB Queries
--------------------------------------  -----  ---------  --------  ----------  --------------  -------------------  ----------------------
/opt/airflow/dags/ecommerce_etl_dag.py                           1           0  0.21s           2026-05-09T13:42:27                      12
================================================================================
[2026-05-09T13:42:59.645+0000] {manager.py:997} INFO - 
================================================================================
DAG File Processing Stats

File Path                               PID    Runtime      # DAGs    # Errors  Last Runtime    Last Run               Last # of DB Queries
--------------------------------------  -----  ---------  --------  ----------  --------------  -------------------  ----------------------
/opt/airflow/dags/ecommerce_etl_dag.py                           1           0  0.23s           2026-05-09T13:42:57                      12
================================================================================
[2026-05-09T13:43:24.033+0000] {manager.py:821} INFO - Searching for files in /opt/airflow/dags
[2026-05-09T13:43:24.322+0000] {manager.py:824} INFO - There are 1 files in /opt/airflow/dags
[2026-05-09T13:43:29.897+0000] {manager.py:997} INFO - 
================================================================================
DAG File Processing Stats

File Path                               PID    Runtime      # DAGs    # Errors  Last Runtime    Last Run               Last # of DB Queries
--------------------------------------  -----  ---------  --------  ----------  --------------  -------------------  ----------------------
/opt/airflow/dags/ecommerce_etl_dag.py                           1           0  0.20s           2026-05-09T13:43:28                      12
================================================================================
[2026-05-09T13:44:00.335+0000] {manager.py:997} INFO - 
================================================================================
DAG File Processing Stats

File Path                               PID    Runtime      # DAGs    # Errors  Last Runtime    Last Run               Last # of DB Queries
--------------------------------------  -----  ---------  --------  ----------  --------------  -------------------  ----------------------
/opt/airflow/dags/ecommerce_etl_dag.py                           1           0  0.23s           2026-05-09T13:43:58                      12
================================================================================
[2026-05-09T13:44:30.594+0000] {manager.py:997} INFO - 
================================================================================
DAG File Processing Stats

File Path                               PID    Runtime      # DAGs    # Errors  Last Runtime    Last Run               Last # of DB Queries
--------------------------------------  -----  ---------  --------  ----------  --------------  -------------------  ----------------------
/opt/airflow/dags/ecommerce_etl_dag.py                           1           0  0.20s           2026-05-09T13:44:28                      12
================================================================================
[2026-05-09T13:45:00.978+0000] {manager.py:997} INFO - 
================================================================================
DAG File Processing Stats

File Path                               PID    Runtime      # DAGs    # Errors  Last Runtime    Last Run               Last # of DB Queries
--------------------------------------  -----  ---------  --------  ----------  --------------  -------------------  ----------------------
/opt/airflow/dags/ecommerce_etl_dag.py                           1           0  0.20s           2026-05-09T13:44:59                      12
================================================================================
[2026-05-09T13:45:31.241+0000] {manager.py:997} INFO - 
================================================================================
DAG File Processing Stats

File Path                               PID    Runtime      # DAGs    # Errors  Last Runtime    Last Run               Last # of DB Queries
--------------------------------------  -----  ---------  --------  ----------  --------------  -------------------  ----------------------
/opt/airflow/dags/ecommerce_etl_dag.py                           1           0  0.19s           2026-05-09T13:45:29                      12
================================================================================
[2026-05-09T13:46:01.590+0000] {manager.py:997} INFO - 
================================================================================
DAG File Processing Stats

File Path                               PID    Runtime      # DAGs    # Errors  Last Runtime    Last Run               Last # of DB Queries
--------------------------------------  -----  ---------  --------  ----------  --------------  -------------------  ----------------------
/opt/airflow/dags/ecommerce_etl_dag.py                           1           0  0.20s           2026-05-09T13:45:59                      12
================================================================================
[2026-05-09T13:46:31.900+0000] {manager.py:997} INFO - 
================================================================================
DAG File Processing Stats

File Path                               PID    Runtime      # DAGs    # Errors  Last Runtime    Last Run               Last # of DB Queries
--------------------------------------  -----  ---------  --------  ----------  --------------  -------------------  ----------------------
/opt/airflow/dags/ecommerce_etl_dag.py                           1           0  0.27s           2026-05-09T13:46:30                      12
================================================================================
[2026-05-09T13:47:02.363+0000] {manager.py:997} INFO - 
================================================================================
DAG File Processing Stats

File Path                               PID    Runtime      # DAGs    # Errors  Last Runtime    Last Run               Last # of DB Queries
--------------------------------------  -----  ---------  --------  ----------  --------------  -------------------  ----------------------
/opt/airflow/dags/ecommerce_etl_dag.py                           1           0  0.20s           2026-05-09T13:47:00                      12
================================================================================
[2026-05-09T13:47:32.766+0000] {manager.py:997} INFO - 
================================================================================
DAG File Processing Stats

File Path                               PID    Runtime      # DAGs    # Errors  Last Runtime    Last Run               Last # of DB Queries
--------------------------------------  -----  ---------  --------  ----------  --------------  -------------------  ----------------------
/opt/airflow/dags/ecommerce_etl_dag.py                           1           0  0.20s           2026-05-09T13:47:30                      12
================================================================================
[2026-05-09T13:48:03.204+0000] {manager.py:997} INFO - 
================================================================================
DAG File Processing Stats

File Path                               PID    Runtime      # DAGs    # Errors  Last Runtime    Last Run               Last # of DB Queries
--------------------------------------  -----  ---------  --------  ----------  --------------  -------------------  ----------------------
/opt/airflow/dags/ecommerce_etl_dag.py                           1           0  0.41s           2026-05-09T13:48:01                      12
================================================================================
[2026-05-09T13:48:24.530+0000] {manager.py:821} INFO - Searching for files in /opt/airflow/dags
[2026-05-09T13:48:24.579+0000] {manager.py:824} INFO - There are 1 files in /opt/airflow/dags
